Archive member included to satisfy reference by file (symbol)

E:\Project\tp78_v2_mini\MRSproject\StdPeriphDriver\libISP583.a(ISP583.o)
                              ./StdPeriphDriver/CH58x_flash.o (FLASH_EEPROM_CMD)
E:\Project\tp78_v2_mini\MRSproject\LIB\libCH58xBLE.a(message.o)
                              ./Profile/hiddev.o (tmos_msg_deallocate)
E:\Project\tp78_v2_mini\MRSproject\LIB\libCH58xBLE.a(tmos.o)
                              E:\Project\tp78_v2_mini\MRSproject\LIB\libCH58xBLE.a(message.o) (gTmosPara)
E:\Project\tp78_v2_mini\MRSproject\LIB\libCH58xBLE.a(tmos_hw.o)
                              E:\Project\tp78_v2_mini\MRSproject\LIB\libCH58xBLE.a(tmos.o) (fnGetClockCBs)
E:\Project\tp78_v2_mini\MRSproject\LIB\libCH58xBLE.a(tmos_snv.o)
                              E:\Project\tp78_v2_mini\MRSproject\LIB\libCH58xBLE.a(tmos.o) (tmos_snv_init)
E:\Project\tp78_v2_mini\MRSproject\LIB\libCH58xBLE.a(gap.o)
                              ./Profile/hiddev.o (GAP_SetParamValue)
E:\Project\tp78_v2_mini\MRSproject\LIB\libCH58xBLE.a(gap_central.o)
                              E:\Project\tp78_v2_mini\MRSproject\LIB\libCH58xBLE.a(gap.o) (gapProcessPeriodicAdvertisingSyncEstablishedEvt)
E:\Project\tp78_v2_mini\MRSproject\LIB\libCH58xBLE.a(gap_peripheral.o)
                              E:\Project\tp78_v2_mini\MRSproject\LIB\libCH58xBLE.a(gap.o) (GAP_PeripheralParamInit)
E:\Project\tp78_v2_mini\MRSproject\LIB\libCH58xBLE.a(gapgattserver.o)
                              ./HAL/BLE.o (GGS_SetParameter)
E:\Project\tp78_v2_mini\MRSproject\LIB\libCH58xBLE.a(gatt.o)
                              ./Profile/battservice.o (GATT_bm_alloc)
E:\Project\tp78_v2_mini\MRSproject\LIB\libCH58xBLE.a(gatt_uuid.o)
                              ./Profile/battservice.o (reportRefUUID)
E:\Project\tp78_v2_mini\MRSproject\LIB\libCH58xBLE.a(gattclientapp.o)
                              E:\Project\tp78_v2_mini\MRSproject\LIB\libCH58xBLE.a(gatt.o) (gattGetClientStatus)
E:\Project\tp78_v2_mini\MRSproject\LIB\libCH58xBLE.a(gattservapp.o)
                              ./Profile/battservice.o (GATTServApp_ReadCharCfg)
E:\Project\tp78_v2_mini\MRSproject\LIB\libCH58xBLE.a(l2cap.o)
                              E:\Project\tp78_v2_mini\MRSproject\LIB\libCH58xBLE.a(gatt.o) (L2CAP_GetMTU)
E:\Project\tp78_v2_mini\MRSproject\LIB\libCH58xBLE.a(l2cap_input.o)
                              E:\Project\tp78_v2_mini\MRSproject\LIB\libCH58xBLE.a(l2cap.o) (l2capProcessRxData)
E:\Project\tp78_v2_mini\MRSproject\LIB\libCH58xBLE.a(l2cap_output.o)
                              E:\Project\tp78_v2_mini\MRSproject\LIB\libCH58xBLE.a(l2cap_input.o) (l2capNotifyData)
E:\Project\tp78_v2_mini\MRSproject\LIB\libCH58xBLE.a(l2cap_sdu.o)
                              E:\Project\tp78_v2_mini\MRSproject\LIB\libCH58xBLE.a(l2cap_input.o) (l2capBuildDisconnectRsp)
E:\Project\tp78_v2_mini\MRSproject\LIB\libCH58xBLE.a(linkdb.o)
                              E:\Project\tp78_v2_mini\MRSproject\LIB\libCH58xBLE.a(l2cap.o) (linkDB_Init)
E:\Project\tp78_v2_mini\MRSproject\LIB\libCH58xBLE.a(sm.o)
                              E:\Project\tp78_v2_mini\MRSproject\LIB\libCH58xBLE.a(gap.o) (smFreePairingParams)
E:\Project\tp78_v2_mini\MRSproject\LIB\libCH58xBLE.a(sm_initiator.o)
                              E:\Project\tp78_v2_mini\MRSproject\LIB\libCH58xBLE.a(sm.o) (smInitiatorSendNextKeyInfo)
E:\Project\tp78_v2_mini\MRSproject\LIB\libCH58xBLE.a(sm_pdu.o)
                              E:\Project\tp78_v2_mini\MRSproject\LIB\libCH58xBLE.a(sm.o) (smpBuildPairingReq)
E:\Project\tp78_v2_mini\MRSproject\LIB\libCH58xBLE.a(sm_responding.o)
                              E:\Project\tp78_v2_mini\MRSproject\LIB\libCH58xBLE.a(sm.o) (smResponderSendNextKeyInfo)
E:\Project\tp78_v2_mini\MRSproject\LIB\libCH58xBLE.a(sm_toolbox.o)
                              E:\Project\tp78_v2_mini\MRSproject\LIB\libCH58xBLE.a(sm.o) (sm_ah)
E:\Project\tp78_v2_mini\MRSproject\LIB\libCH58xBLE.a(host_input.o)
                              E:\Project\tp78_v2_mini\MRSproject\LIB\libCH58xBLE.a(gap.o) (gBleHostPara)
E:\Project\tp78_v2_mini\MRSproject\LIB\libCH58xBLE.a(host_output.o)
                              E:\Project\tp78_v2_mini\MRSproject\LIB\libCH58xBLE.a(gap.o) (HCI_DisconnectCmd)
E:\Project\tp78_v2_mini\MRSproject\LIB\libCH58xBLE.a(ll_connect.o)
                              E:\Project\tp78_v2_mini\MRSproject\LIB\libCH58xBLE.a(tmos.o) (LL_GetNextConnectEventTime)
E:\Project\tp78_v2_mini\MRSproject\LIB\libCH58xBLE.a(ll_core.o)
                              E:\Project\tp78_v2_mini\MRSproject\LIB\libCH58xBLE.a(ll_connect.o) (LL_CoreGetCore)
E:\Project\tp78_v2_mini\MRSproject\LIB\libCH58xBLE.a(ll_hop.o)
                              E:\Project\tp78_v2_mini\MRSproject\LIB\libCH58xBLE.a(ll_connect.o) (LL_HopGetChannel)
E:\Project\tp78_v2_mini\MRSproject\LIB\libCH58xBLE.a(ll_master.o)
                              E:\Project\tp78_v2_mini\MRSproject\LIB\libCH58xBLE.a(ll_connect.o) (ll_master_process)
[...]
Memory Configuration

Name             Origin             Length             Attributes
FLASH            0x0000000000010000 0x0000000000060000 xr
RAM              0x0000000020000000 0x0000000000007ffc xrw
*default*        0x0000000000000000 0xffffffffffffffff

Linker script and memory map

LOAD ./StdPeriphDriver/CH58x_adc.o
LOAD ./StdPeriphDriver/CH58x_clk.o
LOAD ./StdPeriphDriver/CH58x_flash.o
LOAD ./StdPeriphDriver/CH58x_gpio.o
LOAD ./StdPeriphDriver/CH58x_i2c.o
LOAD ./StdPeriphDriver/CH58x_pwm.o
LOAD ./StdPeriphDriver/CH58x_pwr.o
LOAD ./StdPeriphDriver/CH58x_sys.o
LOAD ./StdPeriphDriver/CH58x_timer0.o
LOAD ./StdPeriphDriver/CH58x_timer1.o
LOAD ./StdPeriphDriver/CH58x_timer2.o
LOAD ./StdPeriphDriver/CH58x_uart0.o
LOAD ./StdPeriphDriver/CH58x_uart1.o
LOAD ./StdPeriphDriver/CH58x_uart2.o
LOAD ./StdPeriphDriver/CH58x_uart3.o
LOAD ./StdPeriphDriver/CH58x_usbdev.o
LOAD ./Startup/startup_CH583.o
LOAD ./RVMSIS/core_riscv.o
LOAD ./Profile/battservice.o
LOAD ./Profile/devinfoservice.o
LOAD ./Profile/hiddev.o
LOAD ./Profile/hidkbmservice.o
LOAD ./Profile/scanparamservice.o
LOAD ./Packages/FatFs/port/fatfs_usbd.o
LOAD ./Packages/FatFs/diskio.o
LOAD ./Packages/FatFs/ff.o
LOAD ./Packages/FatFs/fftools.o
LOAD ./Packages/FatFs/ffunicode.o
LOAD ./Packages/CherryUSB/core/usbd_core.o
LOAD ./Packages/CherryUSB/class/msc/usbd_msc.o
LOAD ./Packages/CherryUSB/class/hid/usbd_hid.o
LOAD ./Packages/CherryUSB/usb_ch58x_dc_usbfs.o
LOAD ./HAL/BATTERY.o
LOAD ./HAL/BLE.o
LOAD ./HAL/CORE.o
LOAD ./HAL/FATFS.o
LOAD ./HAL/HW_I2C.o
LOAD ./HAL/I2C_TP.o
LOAD ./HAL/KEYBOARD.o
LOAD ./HAL/MCU.o
LOAD ./HAL/RF_PHY.o
LOAD ./HAL/RTC.o
LOAD ./HAL/SLEEP.o
LOAD ./HAL/USB.o
LOAD ./HAL/WS2812.o
LOAD ./APP/main.o
LOAD ./APP/tp78_via.o
LOAD E:\Project\tp78_v2_mini\MRSproject\StdPeriphDriver\libISP583.a
LOAD E:\Project\tp78_v2_mini\MRSproject\LIB\libCH58xBLE.a
LOAD d:/mounriver/mounriver_studio/toolchain/risc-v embedded gcc12/bin/../lib/gcc/riscv-none-elf/12.2.0\libgcc.a
LOAD d:/mounriver/mounriver_studio/toolchain/risc-v embedded gcc12/bin/../lib/gcc/riscv-none-elf/12.2.0/../../../../riscv-none-elf/lib\libg_nano.a
LOAD d:/mounriver/mounriver_studio/toolchain/risc-v embedded gcc12/bin/../lib/gcc/riscv-none-elf/12.2.0/../../../../riscv-none-elf/lib\libc_nano.a
LOAD d:/mounriver/mounriver_studio/toolchain/risc-v embedded gcc12/bin/../lib/gcc/riscv-none-elf/12.2.0\libgcc.a
START GROUP
LOAD d:/mounriver/mounriver_studio/toolchain/risc-v embedded gcc12/bin/../lib/gcc/riscv-none-elf/12.2.0\libgcc.a
LOAD d:/mounriver/mounriver_studio/toolchain/risc-v embedded gcc12/bin/../lib/gcc/riscv-none-elf/12.2.0/../../../../riscv-none-elf/lib\libc_nano.a
LOAD d:/mounriver/mounriver_studio/toolchain/risc-v embedded gcc12/bin/../lib/gcc/riscv-none-elf/12.2.0/../../../../riscv-none-elf/lib\libnosys.a
END GROUP
START GROUP
LOAD d:/mounriver/mounriver_studio/toolchain/risc-v embedded gcc12/bin/../lib/gcc/riscv-none-elf/12.2.0\libgcc.a
LOAD d:/mounriver/mounriver_studio/toolchain/risc-v embedded gcc12/bin/../lib/gcc/riscv-none-elf/12.2.0/../../../../riscv-none-elf/lib\libc_nano.a
LOAD d:/mounriver/mounriver_studio/toolchain/risc-v embedded gcc12/bin/../lib/gcc/riscv-none-elf/12.2.0/../../../../riscv-none-elf/lib\libnosys.a
END GROUP

.init           0x0000000000010000        0x4
                0x0000000000010000                _sinit = .
                0x0000000000010000                . = ALIGN (0x4)
 *(SORT_NONE(.init))
 .init          0x0000000000010000        0x4 ./Startup/startup_CH583.o
                0x0000000000010000                _start
                0x0000000000010004                . = ALIGN (0x4)
                0x0000000000010004                _einit = .

.highcodelalign
                0x0000000000010004        0x0
                0x0000000000010004                . = ALIGN (0x4)
                0x0000000000010004                PROVIDE (_highcode_lma = .)

.highcode       0x0000000020000000     0x2470 load address 0x0000000000010004
                0x0000000020000000                . = ALIGN (0x4)
                0x0000000020000000                PROVIDE (_highcode_vma_start = .)
 *(.vector)
 .vector        0x0000000020000000       0x90 ./Startup/startup_CH583.o
 *(SORT_NONE(.vector_handler))
 .vector_handler
                0x0000000020000090       0x36 ./Startup/startup_CH583.o
                0x0000000020000090                NMI_Handler
                0x0000000020000094                Ecall_M_Mode_Handler
                0x0000000020000096                Ecall_U_Mode_Handler
                0x0000000020000098                Break_Point_Handler
                0x000000002000009a                SysTick_Handler
                0x000000002000009c                SW_Handler
                0x000000002000009e                TMR0_IRQHandler
                0x00000000200000a4                SPI0_IRQHandler
                0x00000000200000a6                BB_IRQHandler
                0x00000000200000a8                LLE_IRQHandler
                0x00000000200000ac                USB2_IRQHandler
                0x00000000200000ae                TMR1_IRQHandler
                0x00000000200000b0                TMR2_IRQHandler
                0x00000000200000b2                UART0_IRQHandler
                0x00000000200000b4                UART1_IRQHandler
                0x00000000200000b8                ADC_IRQHandler
                0x00000000200000bc                PWMX_IRQHandler
                0x00000000200000be                TMR3_IRQHandler
                0x00000000200000c0                UART2_IRQHandler
                0x00000000200000c2                UART3_IRQHandler
                0x00000000200000c4                WDOG_BAT_IRQHandler
 *(.highcode)
 .highcode      0x00000000200000c6      0x104 ./StdPeriphDriver/CH58x_pwr.o
                0x00000000200000c6                LowPower_Idle
                0x0000000020000102                LowPower_Halt
 .highcode      0x00000000200001ca      0x22c ./StdPeriphDriver/CH58x_sys.o
                0x00000000200001ca                SetSysClock
                0x000000002000033e                SYS_ResetExecute
                0x000000002000037a                HardFault_Handler
                0x00000000200003c0                mDelayuS
                0x00000000200003ce                mDelaymS
 .highcode      0x00000000200003f6      0x36a ./Packages/CherryUSB/usb_ch58x_dc_usbfs.o
                0x00000000200003f6                USB_IRQHandler
 .highcode      0x0000000020000760       0x16 ./HAL/RTC.o
                0x0000000020000760                RTC_IRQHandler
 .highcode      0x0000000020000776       0x38 ./APP/main.o
                0x0000000020000776                Main_Circulation
                0x000000002000077e                GPIOA_IRQHandler
                0x00000000200007a6                GPIOB_IRQHandler
                0x00000000200007aa                I2C_IRQHandler
 .highcode      0x00000000200007ae      0x426 E:\Project\tp78_v2_mini\MRSproject\StdPeriphDriver\libISP583.a(ISP583.o)
                0x00000000200007ae                FLASH_ROM_BEG
                0x00000000200007c0                FLASH_ROM_END
                0x00000000200007ce                FLASH_ROM_IN
                0x00000000200007dc                FLASH_ROM_OUT
                0x00000000200007ea                FLASH_ROM_ADDR
                0x0000000020000832                FLASH_ROM_WAIT
                0x000000002000086a                FLASH_EEPROM_CMD
 .highcode      0x0000000020000bd4      0x44c E:\Project\tp78_v2_mini\MRSproject\LIB\libCH58xBLE.a(tmos.o)
                0x0000000020000bd4                tmos_memcpy
                0x0000000020000bf4                tmos_memcpy_word
                0x0000000020000c0c                tmos_memset
                0x0000000020000c1e                tmos_strlen
                0x0000000020000c32                tmos_memdup
                0x0000000020000c64                tmos_memcmp
                0x0000000020000c92                tmos_revmemcpy
                0x0000000020000cae                tmos_isbufset
                0x0000000020000cd0                tmos_proces_system_time
                0x0000000020000e1a                TMOS_SystemProcess
 .highcode      0x0000000020001020       0x4c E:\Project\tp78_v2_mini\MRSproject\LIB\libCH58xBLE.a(tmos_hw.o)
                0x000000002000106a                TMOS_TimerIRQHandler
 .highcode      0x000000002000106c      0x2d2 E:\Project\tp78_v2_mini\MRSproject\LIB\libCH58xBLE.a(ll_connect.o)
                0x000000002000106c                ll_connect_send_data
                0x0000000020001194                ll_connect_recv_data
                0x0000000020001274                ll_connect_event_continue
 .highcode      0x000000002000133e      0x310 E:\Project\tp78_v2_mini\MRSproject\LIB\libCH58xBLE.a(ll_hop.o)
                0x000000002000133e                LL_HopGetChannel
                0x00000000200013e4                LL_HopGetChannel2
 .highcode      0x000000002000164e       0x50 E:\Project\tp78_v2_mini\MRSproject\LIB\libCH58xBLE.a(ll_whitelist.o)
                0x000000002000164e                LL_WhitelistLookup
 .highcode      0x000000002000169e      0x1e0 E:\Project\tp78_v2_mini\MRSproject\LIB\libCH58xBLE.a(aes.o)
                0x000000002000169e                AES_DevAESEnc
 .highcode      0x000000002000187e      0x15a E:\Project\tp78_v2_mini\MRSproject\LIB\libCH58xBLE.a(bb.o)
                0x000000002000187e                BB_IRQLibHandler
                0x000000002000198e                BB_IRQLibFunction
 .highcode      0x00000000200019d8      0x3dc E:\Project\tp78_v2_mini\MRSproject\LIB\libCH58xBLE.a(ip.o)
                0x00000000200019d8                ll_rx_wait_finish
                0x0000000020001a16                ble_ll_chkcrc
                0x0000000020001ab8                ll_tx_wait_finish
                0x0000000020001bdc                BLE_CheckHoppingMap
 .highcode      0x0000000020001db4      0x23c E:\Project\tp78_v2_mini\MRSproject\LIB\libCH58xBLE.a(lle.o)
                0x0000000020001db4                LLE_IRQLibHandler
                0x0000000020001fa6                LLE_IRQLibFunction
 .highcode      0x0000000020001ff0      0x1be E:\Project\tp78_v2_mini\MRSproject\LIB\libCH58xBLE.a(rf_fh.o)
                0x0000000020001ff0                RF_HopGetChannel
                0x000000002000205e                RF_FrequencyHoppingGet
                0x0000000020002114                RF_FrequencyHoppingChange
 .highcode      0x00000000200021ae       0x30 E:\Project\tp78_v2_mini\MRSproject\LIB\libCH58xBLE.a(rfend.o)
                0x00000000200021ae                RFEND_WaitTune
 .highcode      0x00000000200021de      0x1ba E:\Project\tp78_v2_mini\MRSproject\LIB\libCH58xBLE.a(memory.o)
                0x00000000200021de                tmos_memory_allocate
                0x00000000200022b0                tmos_memory_free
 .highcode      0x0000000020002398       0xd8 E:\Project\tp78_v2_mini\MRSproject\LIB\libCH58xBLE.a(ll_resolvinglist.o)
                0x0000000020002398                LL_ResolvinglistPeerIdentifyAddressGetIrk
                0x00000000200023ec                LL_ResolvinglistPeerRpaAddressGetIrk
                0x000000002000242e                LL_ResolvinglistLocalRpaAddressGetIrk
 *(.highcode.*)
                0x0000000020002470                . = ALIGN (0x4)
                0x0000000020002470                PROVIDE (_highcode_vma_end = .)

.text           0x0000000000012474    0x2da20
                0x0000000000012474                . = ALIGN (0x4)
 *(SORT_NONE(.handle_reset))
 .handle_reset  0x0000000000012474       0xb2 ./Startup/startup_CH583.o
                0x0000000000012474                handle_reset
 *(.text)
 .text          0x0000000000012526       0x16 d:/mounriver/mounriver_studio/toolchain/risc-v embedded gcc12/bin/../lib/gcc/riscv-none-elf/12.2.0/../../../../riscv-none-elf/lib\libg_nano.a(lib_a-memcpy-asm.o)
                0x0000000000012526                memcpy
 .text          0x000000000001253c       0x10 d:/mounriver/mounriver_studio/toolchain/risc-v embedded gcc12/bin/../lib/gcc/riscv-none-elf/12.2.0/../../../../riscv-none-elf/lib\libg_nano.a(lib_a-memset.o)
                0x000000000001253c                memset
 .text          0x000000000001254c       0x26 d:/mounriver/mounriver_studio/toolchain/risc-v embedded gcc12/bin/../lib/gcc/riscv-none-elf/12.2.0/../../../../riscv-none-elf/lib\libg_nano.a(lib_a-memmove.o)
                0x000000000001254c                memmove
 *(.text.*)
 .text.ADC_ExtSingleChSampInit
                0x0000000000012572       0x24 ./StdPeriphDriver/CH58x_adc.o
                0x0000000000012572                ADC_ExtSingleChSampInit
 .text.ADC_InterTSSampInit
                0x0000000000012596       0x28 ./StdPeriphDriver/CH58x_adc.o
                0x0000000000012596                ADC_InterTSSampInit
 .text.HSECFG_Current
                0x00000000000125be       0x2e ./StdPeriphDriver/CH58x_clk.o
                0x00000000000125be                HSECFG_Current
 .text.RTC_GetCycle32k
                0x00000000000125ec       0x18 ./StdPeriphDriver/CH58x_clk.o
                0x00000000000125ec                RTC_GetCycle32k
 .text.Calibration_LSI
                0x0000000000012604      0x4dc ./StdPeriphDriver/CH58x_clk.o
                0x0000000000012604                Calibration_LSI
 .text.GPIOA_ModeCfg
                0x0000000000012ae0       0x9e ./StdPeriphDriver/CH58x_gpio.o
                0x0000000000012ae0                GPIOA_ModeCfg
 .text.GPIOB_ModeCfg
                0x0000000000012b7e       0x9e ./StdPeriphDriver/CH58x_gpio.o
                0x0000000000012b7e                GPIOB_ModeCfg
 .text.GPIOA_ITModeCfg
                0x0000000000012c1c       0x76 ./StdPeriphDriver/CH58x_gpio.o
                0x0000000000012c1c                GPIOA_ITModeCfg
 .text.GPIOPinRemap
                0x0000000000012c92       0x1a ./StdPeriphDriver/CH58x_gpio.o
                0x0000000000012c92                GPIOPinRemap
 .text.I2C_ITConfig
                0x0000000000012cac       0x1e ./StdPeriphDriver/CH58x_i2c.o
                0x0000000000012cac                I2C_ITConfig
 .text.I2C_SoftwareResetCmd
                0x0000000000012cca       0x1a ./StdPeriphDriver/CH58x_i2c.o
                0x0000000000012cca                I2C_SoftwareResetCmd
 .text.I2C_Init
                0x0000000000012ce4      0x16c ./StdPeriphDriver/CH58x_i2c.o
                0x0000000000012ce4                I2C_Init
 .text.GetSysClock
                0x0000000000012e50       0x40 ./StdPeriphDriver/CH58x_sys.o
                0x0000000000012e50                GetSysClock
 .text.SYS_DisableAllIrq
                0x0000000000012e90       0x1c ./StdPeriphDriver/CH58x_sys.o
                0x0000000000012e90                SYS_DisableAllIrq
 .text.SYS_RecoverIrq
                0x0000000000012eac       0x14 ./StdPeriphDriver/CH58x_sys.o
                0x0000000000012eac                SYS_RecoverIrq
 .text.SYS_GetSysTickCnt
                0x0000000000012ec0        0xa ./StdPeriphDriver/CH58x_sys.o
                0x0000000000012ec0                SYS_GetSysTickCnt
 .text._write   0x0000000000012eca       0x28 ./StdPeriphDriver/CH58x_sys.o
                0x0000000000012eca                _write
 .text.TMR1_PWMInit
                0x0000000000012ef2       0x18 ./StdPeriphDriver/CH58x_timer1.o
                0x0000000000012ef2                TMR1_PWMInit
 .text.TMR1_DMACfg
                0x0000000000012f0a       0x20 ./StdPeriphDriver/CH58x_timer1.o
                0x0000000000012f0a                TMR1_DMACfg
 .text.UART3_BaudRateCfg
                0x0000000000012f2a       0x30 ./StdPeriphDriver/CH58x_uart3.o
                0x0000000000012f2a                UART3_BaudRateCfg
 .text.UART3_DefInit
                0x0000000000012f5a       0x32 ./StdPeriphDriver/CH58x_uart3.o
                0x0000000000012f5a                UART3_DefInit
 .text.battMeasure
                0x0000000000012f8c       0x7e ./Profile/battservice.o
 .text.battReadAttrCB
                0x000000000001300a       0x7a ./Profile/battservice.o
 .text.battWriteAttrCB
                0x0000000000013084       0x58 ./Profile/battservice.o
 .text.battNotifyCB
                0x00000000000130dc       0x72 ./Profile/battservice.o
 .text.Batt_AddService
                0x000000000001314e       0x2c ./Profile/battservice.o
                0x000000000001314e                Batt_AddService
 .text.Batt_Register
                0x000000000001317a        0x6 ./Profile/battservice.o
                0x000000000001317a                Batt_Register
 .text.Batt_SetParameter
                0x0000000000013180       0x3a ./Profile/battservice.o
                0x0000000000013180                Batt_SetParameter
 .text.Batt_GetParameter
                0x00000000000131ba       0x66 ./Profile/battservice.o
                0x00000000000131ba                Batt_GetParameter
 .text.Batt_MeasLevel
                0x0000000000013220       0x2e ./Profile/battservice.o
                0x0000000000013220                Batt_MeasLevel
 .text.Batt_HandleConnStatusCB
                0x000000000001324e       0x3e ./Profile/battservice.o
                0x000000000001324e                Batt_HandleConnStatusCB
 .text.devInfo_ReadAttrCB
                0x000000000001328c      0x192 ./Profile/devinfoservice.o
 .text.DevInfo_AddService
                0x000000000001341e       0x18 ./Profile/devinfoservice.o
                0x000000000001341e                DevInfo_AddService
 .text.hidDevScanParamCB
                0x0000000000013436        0x2 ./Profile/hiddev.o
 .text.hidDevRptByHandle
                0x0000000000013438       0x2e ./Profile/hiddev.o
 .text.hidDevParamUpdateCB
                0x0000000000013466       0x12 ./Profile/hiddev.o
 .text.hidDevInitialAdvertising
                0x0000000000013478       0x3c ./Profile/hiddev.o
 .text.hidDevBattCB
                0x00000000000134b4       0x28 ./Profile/hiddev.o
 .text.hidDevPairStateCB
                0x00000000000134dc       0x48 ./Profile/hiddev.o
 .text.hidDevPasscodeCB
                0x0000000000013524       0x36 ./Profile/hiddev.o
 .text.HidDev_ProcessEvent
                0x000000000001355a       0xe6 ./Profile/hiddev.o
                0x000000000001355a                HidDev_ProcessEvent
 .text.hidDevGapStateCB
                0x0000000000013640      0x126 ./Profile/hiddev.o
 .text.HidDev_Init
                0x0000000000013766       0x64 ./Profile/hiddev.o
                0x0000000000013766                HidDev_Init
 .text.HidDev_Register
                0x00000000000137ca        0xa ./Profile/hiddev.o
                0x00000000000137ca                HidDev_Register
 .text.HidDev_RegisterReports
                0x00000000000137d4        0xa ./Profile/hiddev.o
                0x00000000000137d4                HidDev_RegisterReports
 .text.HidDev_Report
                0x00000000000137de      0x112 ./Profile/hiddev.o
                0x00000000000137de                HidDev_Report
 .text.HidDev_ReadAttrCB
                0x00000000000138f0      0x10c ./Profile/hiddev.o
                0x00000000000138f0                HidDev_ReadAttrCB
 .text.HidDev_WriteAttrCB
                0x00000000000139fc      0x138 ./Profile/hiddev.o
                0x00000000000139fc                HidDev_WriteAttrCB
 .text.Hid_AddService
                0x0000000000013b34      0x15c ./Profile/hidkbmservice.o
                0x0000000000013b34                Hid_AddService
 .text.Hid_SetParameter
                0x0000000000013c90       0x58 ./Profile/hidkbmservice.o
                0x0000000000013c90                Hid_SetParameter
 .text.Hid_GetParameter
                0x0000000000013ce8       0x3e ./Profile/hidkbmservice.o
                0x0000000000013ce8                Hid_GetParameter
 .text.scanParamReadAttrCB
                0x0000000000013d26        0x4 ./Profile/scanparamservice.o
 .text.scanParamWriteAttrCB
                0x0000000000013d2a       0x64 ./Profile/scanparamservice.o
 .text.ScanParam_AddService
                0x0000000000013d8e       0x2c ./Profile/scanparamservice.o
                0x0000000000013d8e                ScanParam_AddService
 .text.ScanParam_Register
                0x0000000000013dba        0x6 ./Profile/scanparamservice.o
                0x0000000000013dba                ScanParam_Register
 .text.ScanParam_RefreshNotify
                0x0000000000013dc0       0x58 ./Profile/scanparamservice.o
                0x0000000000013dc0                ScanParam_RefreshNotify
 .text.ScanParam_HandleConnStatusCB
                0x0000000000013e18       0x3e ./Profile/scanparamservice.o
                0x0000000000013e18                ScanParam_HandleConnStatusCB
 .text.USB_disk_status
                0x0000000000013e56        0x4 ./Packages/FatFs/port/fatfs_usbd.o
                0x0000000000013e56                USB_disk_status
 .text.USB_disk_initialize
                0x0000000000013e5a        0x4 ./Packages/FatFs/port/fatfs_usbd.o
                0x0000000000013e5a                USB_disk_initialize
 .text.USB_disk_read
                0x0000000000013e5e       0x1c ./Packages/FatFs/port/fatfs_usbd.o
                0x0000000000013e5e                USB_disk_read
 .text.USB_disk_write
                0x0000000000013e7a       0x42 ./Packages/FatFs/port/fatfs_usbd.o
                0x0000000000013e7a                USB_disk_write
 .text.USB_disk_ioctl
                0x0000000000013ebc       0x2e ./Packages/FatFs/port/fatfs_usbd.o
                0x0000000000013ebc                USB_disk_ioctl
 .text.disk_status
                0x0000000000013eea       0x16 ./Packages/FatFs/diskio.o
                0x0000000000013eea                disk_status
 .text.disk_initialize
                0x0000000000013f00       0x16 ./Packages/FatFs/diskio.o
                0x0000000000013f00                disk_initialize
 .text.disk_read
                0x0000000000013f16       0x12 ./Packages/FatFs/diskio.o
                0x0000000000013f16                disk_read
 .text.disk_write
                0x0000000000013f28       0x12 ./Packages/FatFs/diskio.o
                0x0000000000013f28                disk_write
 .text.disk_ioctl
                0x0000000000013f3a        0xe ./Packages/FatFs/diskio.o
                0x0000000000013f3a                disk_ioctl
 .text.get_fattime
                0x0000000000013f48        0x4 ./Packages/FatFs/diskio.o
                0x0000000000013f48                get_fattime
 .text.ld_dword
                0x0000000000013f4c       0x1e ./Packages/FatFs/ff.o
 .text.st_dword
                0x0000000000013f6a       0x1c ./Packages/FatFs/ff.o
 .text.mem_set  0x0000000000013f86        0xe ./Packages/FatFs/ff.o
 .text.clst2sect
                0x0000000000013f94       0x1e ./Packages/FatFs/ff.o
 .text.sum_sfn  0x0000000000013fb2       0x22 ./Packages/FatFs/ff.o
 .text.get_ldnumber
                0x0000000000013fd4       0x3e ./Packages/FatFs/ff.o
 .text.validate
                0x0000000000014012       0x42 ./Packages/FatFs/ff.o
 .text.sync_window
                0x0000000000014054       0x5c ./Packages/FatFs/ff.o
 .text.mem_cpy.part.0
                0x00000000000140b0       0x1a ./Packages/FatFs/ff.o
 .text.st_clust
                0x00000000000140ca       0x28 ./Packages/FatFs/ff.o
 .text.move_window
                0x00000000000140f2       0x3a ./Packages/FatFs/ff.o
 .text.check_fs
                0x000000000001412c      0x10c ./Packages/FatFs/ff.o
 .text.put_fat  0x0000000000014238      0x130 ./Packages/FatFs/ff.o
 .text.dir_clear
                0x0000000000014368       0x66 ./Packages/FatFs/ff.o
 .text.sync_fs  0x00000000000143ce       0xac ./Packages/FatFs/ff.o
 .text.mount_volume
                0x000000000001447a      0x2dc ./Packages/FatFs/ff.o
 .text.ld_clust.isra.0
                0x0000000000014756       0x28 ./Packages/FatFs/ff.o
 .text.get_fat.isra.0
                0x000000000001477e       0xdc ./Packages/FatFs/ff.o
 .text.remove_chain
                0x000000000001485a       0x92 ./Packages/FatFs/ff.o
 .text.create_chain
                0x00000000000148ec      0x10e ./Packages/FatFs/ff.o
 .text.dir_next
                0x00000000000149fa       0xd0 ./Packages/FatFs/ff.o
 .text.dir_sdi  0x0000000000014aca       0xc4 ./Packages/FatFs/ff.o
 .text.dir_find
                0x0000000000014b8e      0x1da ./Packages/FatFs/ff.o
 .text.dir_register
                0x0000000000014d68      0x2f2 ./Packages/FatFs/ff.o
 .text.follow_path
                0x000000000001505a      0x3ba ./Packages/FatFs/ff.o
 .text.f_mount  0x0000000000015414       0x50 ./Packages/FatFs/ff.o
                0x0000000000015414                f_mount
 .text.f_open   0x0000000000015464      0x238 ./Packages/FatFs/ff.o
                0x0000000000015464                f_open
 .text.f_read   0x000000000001569c      0x196 ./Packages/FatFs/ff.o
                0x000000000001569c                f_read
 .text.f_write  0x0000000000015832      0x1de ./Packages/FatFs/ff.o
                0x0000000000015832                f_write
 .text.f_sync   0x0000000000015a10       0xb6 ./Packages/FatFs/ff.o
                0x0000000000015a10                f_sync
 .text.f_close  0x0000000000015ac6       0x22 ./Packages/FatFs/ff.o
                0x0000000000015ac6                f_close
 .text.f_lseek  0x0000000000015ae8      0x182 ./Packages/FatFs/ff.o
                0x0000000000015ae8                f_lseek
 .text.f_mkfs   0x0000000000015c6a      0x794 ./Packages/FatFs/ff.o
                0x0000000000015c6a                f_mkfs
 .text.ff_uni2oem
                0x00000000000163fe       0x6c ./Packages/FatFs/ffunicode.o
                0x00000000000163fe                ff_uni2oem
 .text.ff_oem2uni
                0x000000000001646a       0x58 ./Packages/FatFs/ffunicode.o
                0x000000000001646a                ff_oem2uni
 .text.ff_wtoupper
                0x00000000000164c2       0xa4 ./Packages/FatFs/ffunicode.o
                0x00000000000164c2                ff_wtoupper
 .text.usbd_class_event_notify_handler
                0x0000000000016566       0x2e ./Packages/CherryUSB/core/usbd_core.o
 .text.usbd_set_endpoint
                0x0000000000016594       0x6a ./Packages/CherryUSB/core/usbd_core.o
 .text.usbd_event_ep0_in_complete_handler
                0x00000000000165fe       0x46 ./Packages/CherryUSB/core/usbd_core.o
                0x00000000000165fe                usbd_event_ep0_in_complete_handler
 .text.usbd_print_setup.constprop.0
                0x0000000000016644       0x44 ./Packages/CherryUSB/core/usbd_core.o
 .text.usbd_setup_request_handler.constprop.0
                0x0000000000016688      0x5ce ./Packages/CherryUSB/core/usbd_core.o
 .text.usbd_event_ep0_out_complete_handler
                0x0000000000016c56       0x4a ./Packages/CherryUSB/core/usbd_core.o
                0x0000000000016c56                usbd_event_ep0_out_complete_handler
 .text.usbd_event_reset_handler
                0x0000000000016ca0       0x36 ./Packages/CherryUSB/core/usbd_core.o
                0x0000000000016ca0                usbd_event_reset_handler
 .text.usbd_event_ep0_setup_complete_handler
                0x0000000000016cd6       0xfa ./Packages/CherryUSB/core/usbd_core.o
                0x0000000000016cd6                usbd_event_ep0_setup_complete_handler
 .text.usbd_event_ep_in_complete_handler
                0x0000000000016dd0       0x18 ./Packages/CherryUSB/core/usbd_core.o
                0x0000000000016dd0                usbd_event_ep_in_complete_handler
 .text.usbd_event_ep_out_complete_handler
                0x0000000000016de8       0x18 ./Packages/CherryUSB/core/usbd_core.o
                0x0000000000016de8                usbd_event_ep_out_complete_handler
 .text.usbd_desc_register
                0x0000000000016e00       0x34 ./Packages/CherryUSB/core/usbd_core.o
                0x0000000000016e00                usbd_desc_register
 .text.usbd_add_interface
                0x0000000000016e34       0x24 ./Packages/CherryUSB/core/usbd_core.o
                0x0000000000016e34                usbd_add_interface
 .text.usbd_add_endpoint
                0x0000000000016e58       0x34 ./Packages/CherryUSB/core/usbd_core.o
                0x0000000000016e58                usbd_add_endpoint
 .text.usb_device_is_configured
                0x0000000000016e8c        0x6 ./Packages/CherryUSB/core/usbd_core.o
                0x0000000000016e8c                usb_device_is_configured
 .text.usbd_initialize
                0x0000000000016e92        0x4 ./Packages/CherryUSB/core/usbd_core.o
                0x0000000000016e92                usbd_initialize
 .text.SCSI_SetSenseData
                0x0000000000016e96       0x18 ./Packages/CherryUSB/class/msc/usbd_msc.o
 .text.SCSI_processRead
                0x0000000000016eae       0x7a ./Packages/CherryUSB/class/msc/usbd_msc.o
 .text.usbd_msc_send_csw
                0x0000000000016f28       0x24 ./Packages/CherryUSB/class/msc/usbd_msc.o
 .text.msc_storage_class_interface_request_handler
                0x0000000000016f4c       0x6a ./Packages/CherryUSB/class/msc/usbd_msc.o
 .text.mass_storage_bulk_in
                0x0000000000016fb6       0x56 ./Packages/CherryUSB/class/msc/usbd_msc.o
                0x0000000000016fb6                mass_storage_bulk_in
 .text.msc_storage_notify_handler
                0x000000000001700c       0x26 ./Packages/CherryUSB/class/msc/usbd_msc.o
                0x000000000001700c                msc_storage_notify_handler
 .text.mass_storage_bulk_out
                0x0000000000017032      0x54c ./Packages/CherryUSB/class/msc/usbd_msc.o
                0x0000000000017032                mass_storage_bulk_out
 .text.usbd_msc_init_intf
                0x000000000001757e       0xae ./Packages/CherryUSB/class/msc/usbd_msc.o
                0x000000000001757e                usbd_msc_init_intf
 .text.usbd_hid_init_intf
                0x000000000001762c       0x1c ./Packages/CherryUSB/class/hid/usbd_hid.o
                0x000000000001762c                usbd_hid_init_intf
 .text.usbh_hid_get_report
                0x0000000000017648        0x4 ./Packages/CherryUSB/class/hid/usbd_hid.o
                0x0000000000017648                usbh_hid_get_report
 .text.usbh_hid_get_idle
                0x000000000001764c        0x4 ./Packages/CherryUSB/class/hid/usbd_hid.o
                0x000000000001764c                usbh_hid_get_idle
 .text.usbh_hid_get_protocol
                0x0000000000017650        0x4 ./Packages/CherryUSB/class/hid/usbd_hid.o
                0x0000000000017650                usbh_hid_get_protocol
 .text.hid_class_interface_request_handler
                0x0000000000017654       0xc6 ./Packages/CherryUSB/class/hid/usbd_hid.o
 .text.usbd_set_address
                0x000000000001771a       0x1a ./Packages/CherryUSB/usb_ch58x_dc_usbfs.o
                0x000000000001771a                usbd_set_address
 .text.usbd_ep_open
                0x0000000000017734       0x90 ./Packages/CherryUSB/usb_ch58x_dc_usbfs.o
                0x0000000000017734                usbd_ep_open
 .text.usbd_ep_close
                0x00000000000177c4       0x26 ./Packages/CherryUSB/usb_ch58x_dc_usbfs.o
                0x00000000000177c4                usbd_ep_close
 .text.usbd_ep_start_write
                0x00000000000177ea      0x130 ./Packages/CherryUSB/usb_ch58x_dc_usbfs.o
                0x00000000000177ea                usbd_ep_start_write
 .text.usbd_ep_start_read
                0x000000000001791a       0x9a ./Packages/CherryUSB/usb_ch58x_dc_usbfs.o
                0x000000000001791a                usbd_ep_start_read
 .text.usbd_ep_set_stall
                0x00000000000179b4       0x3e ./Packages/CherryUSB/usb_ch58x_dc_usbfs.o
                0x00000000000179b4                usbd_ep_set_stall
 .text.usbd_ep_clear_stall
                0x00000000000179f2       0x42 ./Packages/CherryUSB/usb_ch58x_dc_usbfs.o
                0x00000000000179f2                usbd_ep_clear_stall
 .text.usb_dc_init
                0x0000000000017a34       0xce ./Packages/CherryUSB/usb_ch58x_dc_usbfs.o
                0x0000000000017a34                usb_dc_init
 .text.BATTERY_DMA_ENABLE
                0x0000000000017b02       0x1e ./HAL/BATTERY.o
                0x0000000000017b02                BATTERY_DMA_ENABLE
 .text.BATTERY_Init
                0x0000000000017b20       0x70 ./HAL/BATTERY.o
                0x0000000000017b20                BATTERY_Init
 .text.BATTERY_ADC_Calculation
                0x0000000000017b90       0x40 ./HAL/BATTERY.o
                0x0000000000017b90                BATTERY_ADC_Calculation
 .text.hidEmuEvtCB
                0x0000000000017bd0        0x2 ./HAL/BLE.o
 .text.hidEmuStateCB
                0x0000000000017bd2       0xfe ./HAL/BLE.o
 .text.hidEmuSendKbdReport
                0x0000000000017cd0       0x24 ./HAL/BLE.o
 .text.HidEmu_ProcessEvent
                0x0000000000017cf4      0x218 ./HAL/BLE.o
                0x0000000000017cf4                HidEmu_ProcessEvent
 .text.hidEmuRptCB
                0x0000000000017f0c       0x82 ./HAL/BLE.o
 .text.DATAFLASH_Read_DeviceID
                0x0000000000017f8e       0x2a ./HAL/BLE.o
                0x0000000000017f8e                DATAFLASH_Read_DeviceID
 .text.DATAFLASH_Write_DeviceID
                0x0000000000017fb8       0x18 ./HAL/BLE.o
                0x0000000000017fb8                DATAFLASH_Write_DeviceID
 .text.HidEmu_Init
                0x0000000000017fd0       0xea ./HAL/BLE.o
                0x0000000000017fd0                HidEmu_Init
 .text.TP78Reinit.part.0
                0x00000000000180ba       0xb4 ./HAL/CORE.o
 .text.APPJumpKBoot
                0x000000000001816e       0x18 ./HAL/CORE.o
                0x000000000001816e                APPJumpKBoot
 .text.SoftReset
                0x0000000000018186        0x8 ./HAL/CORE.o
                0x0000000000018186                SoftReset
 .text.TP78_TMOS_Start
                0x000000000001818e       0x3a ./HAL/CORE.o
                0x000000000001818e                TP78_TMOS_Start
 .text.TP78Reinit
                0x00000000000181c8       0x56 ./HAL/CORE.o
                0x00000000000181c8                TP78Reinit
 .text.GotoLowpower
                0x000000000001821e       0x54 ./HAL/CORE.o
                0x000000000001821e                GotoLowpower
 .text.HAL_Fs_Init
                0x0000000000018272       0x84 ./HAL/FATFS.o
                0x0000000000018272                HAL_Fs_Init
 .text.unsigned_dec_to_string
                0x00000000000182f6       0x80 ./HAL/FATFS.o
                0x00000000000182f6                unsigned_dec_to_string
 .text.string_dec_to_u8
                0x0000000000018376       0x46 ./HAL/FATFS.o
                0x0000000000018376                string_dec_to_u8
 .text.string_dec_to_u16
                0x00000000000183bc       0x46 ./HAL/FATFS.o
                0x00000000000183bc                string_dec_to_u16
 .text.HAL_Fs_Create_readme
                0x0000000000018402       0xaa ./HAL/FATFS.o
                0x0000000000018402                HAL_Fs_Create_readme
 .text.HAL_Fs_Create_keyboard_cfg
                0x00000000000184ac       0xa6 ./HAL/FATFS.o
                0x00000000000184ac                HAL_Fs_Create_keyboard_cfg
 .text.HAL_Fs_Write_keyboard_cfg
                0x0000000000018552       0xf0 ./HAL/FATFS.o
                0x0000000000018552                HAL_Fs_Write_keyboard_cfg
 .text.HAL_Fs_Read_keyboard_cfg
                0x0000000000018642       0xcc ./HAL/FATFS.o
                0x0000000000018642                HAL_Fs_Read_keyboard_cfg
 .text.HAL_Fs_Write_keyboard_spkey
                0x000000000001870e       0xde ./HAL/FATFS.o
                0x000000000001870e                HAL_Fs_Write_keyboard_spkey
 .text.HAL_Fs_Read_keyboard_spkey
                0x00000000000187ec       0xd8 ./HAL/FATFS.o
                0x00000000000187ec                HAL_Fs_Read_keyboard_spkey
 .text.HAL_Fs_Write_keyboard_mat
                0x00000000000188c4       0xd8 ./HAL/FATFS.o
                0x00000000000188c4                HAL_Fs_Write_keyboard_mat
 .text.HAL_Fs_Read_keyboard_mat
                0x000000000001899c       0xd2 ./HAL/FATFS.o
                0x000000000001899c                HAL_Fs_Read_keyboard_mat
 .text.HW_I2C_Init
                0x0000000000018a6e       0x54 ./HAL/HW_I2C.o
                0x0000000000018a6e                HW_I2C_Init
 .text.DATAFLASH_Read_KeyArray
                0x0000000000018ac2       0x54 ./HAL/KEYBOARD.o
                0x0000000000018ac2                DATAFLASH_Read_KeyArray
 .text.DATAFLASH_Write_KeyArray
                0x0000000000018b16       0x54 ./HAL/KEYBOARD.o
                0x0000000000018b16                DATAFLASH_Write_KeyArray
 .text.KEYBOARD_Reset
                0x0000000000018b6a       0x82 ./HAL/KEYBOARD.o
                0x0000000000018b6a                KEYBOARD_Reset
 .text.KEYBOARD_ChangeKey
                0x0000000000018bec       0x28 ./HAL/KEYBOARD.o
                0x0000000000018bec                KEYBOARD_ChangeKey
 .text.KEYBOARD_Custom_Function
                0x0000000000018c14      0x4aa ./HAL/KEYBOARD.o
                0x0000000000018c14                KEYBOARD_Custom_Function
 .text.KEYBOARD_Init
                0x00000000000190be       0x6e ./HAL/KEYBOARD.o
                0x00000000000190be                KEYBOARD_Init
 .text.KEYBOARD_Detection
                0x000000000001912c      0x29a ./HAL/KEYBOARD.o
                0x000000000001912c                KEYBOARD_Detection
 .text.Lib_Calibration_LSI
                0x00000000000193c6       0x1c ./HAL/MCU.o
                0x00000000000193c6                Lib_Calibration_LSI
 .text.Lib_Read_Flash
                0x00000000000193e2       0x1c ./HAL/MCU.o
                0x00000000000193e2                Lib_Read_Flash
 .text.Lib_Write_Flash
                0x00000000000193fe       0x3c ./HAL/MCU.o
                0x00000000000193fe                Lib_Write_Flash
 .text.HAL_GetInterTempValue
                0x000000000001943a       0x72 ./HAL/MCU.o
                0x000000000001943a                HAL_GetInterTempValue
 .text.OnBoard_SendMsg
                0x00000000000194ac       0x4a ./HAL/MCU.o
                0x00000000000194ac                OnBoard_SendMsg
 .text.HID_KEYBOARD_Process
                0x00000000000194f6      0x110 ./HAL/MCU.o
                0x00000000000194f6                HID_KEYBOARD_Process
 .text.HID_VOL_Process
                0x0000000000019606       0x48 ./HAL/MCU.o
                0x0000000000019606                HID_VOL_Process
 .text.HW_Battery_Process
                0x000000000001964e       0x34 ./HAL/MCU.o
                0x000000000001964e                HW_Battery_Process
 .text.HW_WS2812_Process
                0x0000000000019682        0x4 ./HAL/MCU.o
                0x0000000000019682                HW_WS2812_Process
 .text.HAL_ProcessEvent
                0x0000000000019686      0x15a ./HAL/MCU.o
                0x0000000000019686                HAL_ProcessEvent
 .text.CH58X_BLEInit
                0x00000000000197e0      0x16e ./HAL/MCU.o
                0x00000000000197e0                CH58X_BLEInit
 .text.FLASH_Init
                0x000000000001994e       0xc4 ./HAL/MCU.o
                0x000000000001994e                FLASH_Init
 .text.HAL_Init
                0x0000000000019a12       0x90 ./HAL/MCU.o
                0x0000000000019a12                HAL_Init
 .text.RF_2G4StatusCallBack
                0x0000000000019aa2      0x11e ./HAL/RF_PHY.o
                0x0000000000019aa2                RF_2G4StatusCallBack
 .text.RF_ProcessEvent
                0x0000000000019bc0      0x16e ./HAL/RF_PHY.o
                0x0000000000019bc0                RF_ProcessEvent
 .text.DATAFLASH_Read_RFfreqlevel
                0x0000000000019d2e       0x2c ./HAL/RF_PHY.o
                0x0000000000019d2e                DATAFLASH_Read_RFfreqlevel
 .text.DATAFLASH_Write_RFfreqlevel
                0x0000000000019d5a       0x1a ./HAL/RF_PHY.o
                0x0000000000019d5a                DATAFLASH_Write_RFfreqlevel
 .text.RF_Init  0x0000000000019d74       0x84 ./HAL/RF_PHY.o
                0x0000000000019d74                RF_Init
 .text.RTC_SetTignTime
                0x0000000000019df8       0x20 ./HAL/RTC.o
                0x0000000000019df8                RTC_SetTignTime
 .text.HAL_TimeInit
                0x0000000000019e18       0x3e ./HAL/RTC.o
                0x0000000000019e18                HAL_TimeInit
 .text.CH58X_LowPower
                0x0000000000019e56       0x98 ./HAL/SLEEP.o
                0x0000000000019e56                CH58X_LowPower
 .text.HAL_SleepInit
                0x0000000000019eee       0x58 ./HAL/SLEEP.o
                0x0000000000019eee                HAL_SleepInit
 .text.usbd_hid_keyboard_int_callback
                0x0000000000019f46       0x10 ./HAL/USB.o
 .text.usbd_hid_mouse_int_callback
                0x0000000000019f56       0x10 ./HAL/USB.o
 .text.usbd_hid_vol_int_callback
                0x0000000000019f66       0x10 ./HAL/USB.o
 .text.usbd_hid_raw_in_callback
                0x0000000000019f76        0x2 ./HAL/USB.o
 .text.usbd_hid_raw_out_callback
                0x0000000000019f78       0x32 ./HAL/USB.o
 .text.USB_ProcessEvent
                0x0000000000019faa      0x15c ./HAL/USB.o
                0x0000000000019faa                USB_ProcessEvent
 .text.usb_device_init
                0x000000000001a106       0xd0 ./HAL/USB.o
                0x000000000001a106                usb_device_init
 .text.usb_suspend_wake_up_cb
                0x000000000001a1d6       0x16 ./HAL/USB.o
                0x000000000001a1d6                usb_suspend_wake_up_cb
 .text.usbd_configure_done_callback
                0x000000000001a1ec       0x40 ./HAL/USB.o
                0x000000000001a1ec                usbd_configure_done_callback
 .text.usbh_hid_set_idle
                0x000000000001a22c        0x2 ./HAL/USB.o
                0x000000000001a22c                usbh_hid_set_idle
 .text.usbh_hid_set_protocol
                0x000000000001a22e        0x2 ./HAL/USB.o
                0x000000000001a22e                usbh_hid_set_protocol
 .text.usbh_hid_set_report
                0x000000000001a230       0x32 ./HAL/USB.o
                0x000000000001a230                usbh_hid_set_report
 .text.usbd_msc_get_cap
                0x000000000001a262       0x10 ./HAL/USB.o
                0x000000000001a262                usbd_msc_get_cap
 .text.usbd_msc_sector_read
                0x000000000001a272       0x16 ./HAL/USB.o
                0x000000000001a272                usbd_msc_sector_read
 .text.usbd_msc_sector_write
                0x000000000001a288       0x16 ./HAL/USB.o
                0x000000000001a288                usbd_msc_sector_write
 .text.HAL_USBInit
                0x000000000001a29e       0x52 ./HAL/USB.o
                0x000000000001a29e                HAL_USBInit
 .text.usb_dc_low_level_init
                0x000000000001a2f0       0x22 ./HAL/USB.o
                0x000000000001a2f0                usb_dc_low_level_init
 .text.WS2812_Style_Off
                0x000000000001a312       0x1c ./HAL/WS2812.o
                0x000000000001a312                WS2812_Style_Off
 .text.WS2812_Style_Normal
                0x000000000001a32e       0xc4 ./HAL/WS2812.o
                0x000000000001a32e                WS2812_Style_Normal
 .text.WS2812_Style_Breath
                0x000000000001a3f2       0xf8 ./HAL/WS2812.o
                0x000000000001a3f2                WS2812_Style_Breath
 .text.WS2812_Style_Waterful
                0x000000000001a4ea       0x9c ./HAL/WS2812.o
                0x000000000001a4ea                WS2812_Style_Waterful
 .text.WS2812_Style_Touch
                0x000000000001a586       0xd6 ./HAL/WS2812.o
                0x000000000001a586                WS2812_Style_Touch
 .text.WS2812_Style_Rainbow
                0x000000000001a65c      0x254 ./HAL/WS2812.o
                0x000000000001a65c                WS2812_Style_Rainbow
 .text.WS2812_Style_Custom
                0x000000000001a8b0       0xc0 ./HAL/WS2812.o
                0x000000000001a8b0                WS2812_Style_Custom
 .text.DATAFLASH_Read_LEDStyle
                0x000000000001a970       0x9a ./HAL/WS2812.o
                0x000000000001a970                DATAFLASH_Read_LEDStyle
 .text.WS2812_PWM_Init
                0x000000000001aa0a       0x26 ./HAL/WS2812.o
                0x000000000001aa0a                WS2812_PWM_Init
 .text.WS2812_Send
                0x000000000001aa30       0x7e ./HAL/WS2812.o
                0x000000000001aa30                WS2812_Send
 .text.startup.main
                0x000000000001aaae       0xaa ./APP/main.o
                0x000000000001aaae                main
 .text.via_data_processing
                0x000000000001ab58      0x94a ./APP/tp78_via.o
                0x000000000001ab58                via_data_processing
 .text.tmos_msg_enqueue
                0x000000000001b4a2       0x1e E:\Project\tp78_v2_mini\MRSproject\LIB\libCH58xBLE.a(message.o)
                0x000000000001b4a2                tmos_msg_enqueue
 .text.tmos_msg_deallocate
                0x000000000001b4c0       0x2c E:\Project\tp78_v2_mini\MRSproject\LIB\libCH58xBLE.a(message.o)
                0x000000000001b4c0                tmos_msg_deallocate
 .text.tmos_msg_allocate
                0x000000000001b4ec       0x46 E:\Project\tp78_v2_mini\MRSproject\LIB\libCH58xBLE.a(message.o)
                0x000000000001b4ec                tmos_msg_allocate
 .text.tmos_msg_receive
                0x000000000001b532       0x72 E:\Project\tp78_v2_mini\MRSproject\LIB\libCH58xBLE.a(message.o)
                0x000000000001b532                tmos_msg_receive
 .text.tmos_msg_send
                0x000000000001b5a4       0x66 E:\Project\tp78_v2_mini\MRSproject\LIB\libCH58xBLE.a(message.o)
                0x000000000001b5a4                tmos_msg_send
 .text.tmos_msg_init
                0x000000000001b60a        0xa E:\Project\tp78_v2_mini\MRSproject\LIB\libCH58xBLE.a(message.o)
                0x000000000001b60a                tmos_msg_init
 .text.tmosFindTask
                0x000000000001b614       0x24 E:\Project\tp78_v2_mini\MRSproject\LIB\libCH58xBLE.a(tmos.o)
 .text.TMOS_CB_PeriodicProcessEvent
                0x000000000001b638       0x86 E:\Project\tp78_v2_mini\MRSproject\LIB\libCH58xBLE.a(tmos.o)
                0x000000000001b638                TMOS_CB_PeriodicProcessEvent
 .text.TMOS_CB_ProcessEvent
                0x000000000001b6be       0x84 E:\Project\tp78_v2_mini\MRSproject\LIB\libCH58xBLE.a(tmos.o)
                0x000000000001b6be                TMOS_CB_ProcessEvent
 .text.tmos_rand
                0x000000000001b742       0x52 E:\Project\tp78_v2_mini\MRSproject\LIB\libCH58xBLE.a(tmos.o)
                0x000000000001b742                tmos_rand
 .text.tmos_proces_sleep
                0x000000000001b794      0x132 E:\Project\tp78_v2_mini\MRSproject\LIB\libCH58xBLE.a(tmos.o)
                0x000000000001b794                tmos_proces_sleep
 .text.tmos_start_periodic_callback_task
                0x000000000001b8c6       0xfc E:\Project\tp78_v2_mini\MRSproject\LIB\libCH58xBLE.a(tmos.o)
                0x000000000001b8c6                tmos_start_periodic_callback_task
 .text.tmos_set_event
                0x000000000001b9c2       0x2e E:\Project\tp78_v2_mini\MRSproject\LIB\libCH58xBLE.a(tmos.o)
                0x000000000001b9c2                tmos_set_event
 .text.tmos_clear_event
                0x000000000001b9f0       0x32 E:\Project\tp78_v2_mini\MRSproject\LIB\libCH58xBLE.a(tmos.o)
                0x000000000001b9f0                tmos_clear_event
 .text.tmos_update_callback_timer
                0x000000000001ba22       0xc4 E:\Project\tp78_v2_mini\MRSproject\LIB\libCH58xBLE.a(tmos.o)
                0x000000000001ba22                tmos_update_callback_timer
 .text.tmos_start_task
                0x000000000001bae6      0x120 E:\Project\tp78_v2_mini\MRSproject\LIB\libCH58xBLE.a(tmos.o)
                0x000000000001bae6                tmos_start_task
 .text.tmos_start_callback_task
                0x000000000001bc06       0x9a E:\Project\tp78_v2_mini\MRSproject\LIB\libCH58xBLE.a(tmos.o)
                0x000000000001bc06                tmos_start_callback_task
 .text.tmos_start_reload_task
                0x000000000001bca0       0x58 E:\Project\tp78_v2_mini\MRSproject\LIB\libCH58xBLE.a(tmos.o)
                0x000000000001bca0                tmos_start_reload_task
 .text.tmos_stop_task
                0x000000000001bcf8       0x52 E:\Project\tp78_v2_mini\MRSproject\LIB\libCH58xBLE.a(tmos.o)
                0x000000000001bcf8                tmos_stop_task
 .text.tmos_stop_callback_task
                0x000000000001bd4a       0x5c E:\Project\tp78_v2_mini\MRSproject\LIB\libCH58xBLE.a(tmos.o)
                0x000000000001bd4a                tmos_stop_callback_task
 .text.tmos_get_task_timer
                0x000000000001bda6       0x6c E:\Project\tp78_v2_mini\MRSproject\LIB\libCH58xBLE.a(tmos.o)
                0x000000000001bda6                tmos_get_task_timer
 .text.TMOS_TimerRegister
                0x000000000001be12       0x1e E:\Project\tp78_v2_mini\MRSproject\LIB\libCH58xBLE.a(tmos.o)
                0x000000000001be12                TMOS_TimerRegister
 .text.TMOS_ProcessRegister
                0x000000000001be30       0x16 E:\Project\tp78_v2_mini\MRSproject\LIB\libCH58xBLE.a(tmos.o)
                0x000000000001be30                TMOS_ProcessRegister
 .text.TMOS_Init
                0x000000000001be46      0x12e E:\Project\tp78_v2_mini\MRSproject\LIB\libCH58xBLE.a(tmos.o)
                0x000000000001be46                TMOS_Init
 .text.TMOS_ProcessEventRegister
                0x000000000001bf74       0x3c E:\Project\tp78_v2_mini\MRSproject\LIB\libCH58xBLE.a(tmos.o)
                0x000000000001bf74                TMOS_ProcessEventRegister
 .text.BLE_LibInit
                0x000000000001bfb0      0x174 E:\Project\tp78_v2_mini\MRSproject\LIB\libCH58xBLE.a(tmos.o)
                0x000000000001bfb0                BLE_LibInit
 .text.clockGetTickValve
                0x000000000001c124       0x70 E:\Project\tp78_v2_mini\MRSproject\LIB\libCH58xBLE.a(tmos_hw.o)
 .text.ll_get_sca_divisor
                0x000000000001c194       0x40 E:\Project\tp78_v2_mini\MRSproject\LIB\libCH58xBLE.a(tmos_hw.o)
                0x000000000001c194                ll_get_sca_divisor
 .text.ll_get_sca_own
                0x000000000001c1d4       0x46 E:\Project\tp78_v2_mini\MRSproject\LIB\libCH58xBLE.a(tmos_hw.o)
                0x000000000001c1d4                ll_get_sca_own
 .text.ble_ll_common_rand8
                0x000000000001c21a       0x24 E:\Project\tp78_v2_mini\MRSproject\LIB\libCH58xBLE.a(tmos_hw.o)
                0x000000000001c21a                ble_ll_common_rand8
 .text.ble_ll_common_rand16
                0x000000000001c23e       0x24 E:\Project\tp78_v2_mini\MRSproject\LIB\libCH58xBLE.a(tmos_hw.o)
                0x000000000001c23e                ble_ll_common_rand16
 .text.ble_ll_common_rand32
                0x000000000001c262       0x20 E:\Project\tp78_v2_mini\MRSproject\LIB\libCH58xBLE.a(tmos_hw.o)
                0x000000000001c262                ble_ll_common_rand32
 .text.TMOS_TempSample
                0x000000000001c282       0x62 E:\Project\tp78_v2_mini\MRSproject\LIB\libCH58xBLE.a(tmos_hw.o)
                0x000000000001c282                TMOS_TempSample
 .text.TMOS_TimerInit
                0x000000000001c2e4       0xca E:\Project\tp78_v2_mini\MRSproject\LIB\libCH58xBLE.a(tmos_hw.o)
                0x000000000001c2e4                TMOS_TimerInit
 .text.tmos_snv_init
                0x000000000001c3ae       0xc0 E:\Project\tp78_v2_mini\MRSproject\LIB\libCH58xBLE.a(tmos_snv.o)
                0x000000000001c3ae                tmos_snv_init
 .text.tmos_snv_clear
                0x000000000001c46e       0xb2 E:\Project\tp78_v2_mini\MRSproject\LIB\libCH58xBLE.a(tmos_snv.o)
                0x000000000001c46e                tmos_snv_clear
 .text.tmos_snv_read
                0x000000000001c520      0x292 E:\Project\tp78_v2_mini\MRSproject\LIB\libCH58xBLE.a(tmos_snv.o)
                0x000000000001c520                tmos_snv_read
 .text.tmos_snv_notify
                0x000000000001c7b2       0x5a E:\Project\tp78_v2_mini\MRSproject\LIB\libCH58xBLE.a(tmos_snv.o)
                0x000000000001c7b2                tmos_snv_notify
 .text.tmos_snv_write
                0x000000000001c80c      0x2ce E:\Project\tp78_v2_mini\MRSproject\LIB\libCH58xBLE.a(tmos_snv.o)
                0x000000000001c80c                tmos_snv_write
 .text.tmos_snv_compact
                0x000000000001cada        0x4 E:\Project\tp78_v2_mini\MRSproject\LIB\libCH58xBLE.a(tmos_snv.o)
                0x000000000001cada                tmos_snv_compact
 .text.disconnectNext
                0x000000000001cade       0x22 E:\Project\tp78_v2_mini\MRSproject\LIB\libCH58xBLE.a(gap.o)
 .text.GAP_ParamInit
                0x000000000001cb00      0x160 E:\Project\tp78_v2_mini\MRSproject\LIB\libCH58xBLE.a(gap.o)
                0x000000000001cb00                GAP_ParamInit
 .text.sendTerminateEvent
                0x000000000001cc60       0x58 E:\Project\tp78_v2_mini\MRSproject\LIB\libCH58xBLE.a(gap.o)
                0x000000000001cc60                sendTerminateEvent
 .text.gapRegisterCentral
                0x000000000001ccb8        0x6 E:\Project\tp78_v2_mini\MRSproject\LIB\libCH58xBLE.a(gap.o)
                0x000000000001ccb8                gapRegisterCentral
 .text.gapRegisterCentralConn
                0x000000000001ccbe        0x6 E:\Project\tp78_v2_mini\MRSproject\LIB\libCH58xBLE.a(gap.o)
                0x000000000001ccbe                gapRegisterCentralConn
 .text.gapRegisterPeripheral
                0x000000000001ccc4        0x6 E:\Project\tp78_v2_mini\MRSproject\LIB\libCH58xBLE.a(gap.o)
                0x000000000001ccc4                gapRegisterPeripheral
 .text.gapRegisterPeripheralConn
                0x000000000001ccca        0x6 E:\Project\tp78_v2_mini\MRSproject\LIB\libCH58xBLE.a(gap.o)
                0x000000000001ccca                gapRegisterPeripheralConn
 .text.smGenerateRandBuf
                0x000000000001ccd0       0x56 E:\Project\tp78_v2_mini\MRSproject\LIB\libCH58xBLE.a(gap.o)
                0x000000000001ccd0                smGenerateRandBuf
 .text.gapL2capConnParamUpdateReq
                0x000000000001cd26       0x36 E:\Project\tp78_v2_mini\MRSproject\LIB\libCH58xBLE.a(gap.o)
                0x000000000001cd26                gapL2capConnParamUpdateReq
 .text.gapValidADType
                0x000000000001cd5c       0x16 E:\Project\tp78_v2_mini\MRSproject\LIB\libCH58xBLE.a(gap.o)
                0x000000000001cd5c                gapValidADType
 .text.gapFindADType
                0x000000000001cd72       0x94 E:\Project\tp78_v2_mini\MRSproject\LIB\libCH58xBLE.a(gap.o)
                0x000000000001cd72                gapFindADType
 .text.GAP_SecParamsInit
                0x000000000001ce06       0xae E:\Project\tp78_v2_mini\MRSproject\LIB\libCH58xBLE.a(gap.o)
                0x000000000001ce06                GAP_SecParamsInit
 .text.GAP_ParamsInit
                0x000000000001ceb4       0x50 E:\Project\tp78_v2_mini\MRSproject\LIB\libCH58xBLE.a(gap.o)
                0x000000000001ceb4                GAP_ParamsInit
 .text.gapAddAddrAdj
                0x000000000001cf04       0x48 E:\Project\tp78_v2_mini\MRSproject\LIB\libCH58xBLE.a(gap.o)
                0x000000000001cf04                gapAddAddrAdj
 .text.gapDetermineAddrType
                0x000000000001cf4c       0x28 E:\Project\tp78_v2_mini\MRSproject\LIB\libCH58xBLE.a(gap.o)
                0x000000000001cf4c                gapDetermineAddrType
 .text.gapFreeAuthLink
                0x000000000001cf74       0x4a E:\Project\tp78_v2_mini\MRSproject\LIB\libCH58xBLE.a(gap.o)
                0x000000000001cf74                gapFreeAuthLink
 .text.gapGetDevAddress
                0x000000000001cfbe       0x24 E:\Project\tp78_v2_mini\MRSproject\LIB\libCH58xBLE.a(gap.o)
                0x000000000001cfbe                gapGetDevAddress
 .text.gapGetDevAddressMode
                0x000000000001cfe2        0xa E:\Project\tp78_v2_mini\MRSproject\LIB\libCH58xBLE.a(gap.o)
                0x000000000001cfe2                gapGetDevAddressMode
 .text.gapGetIRK
                0x000000000001cfec        0xc E:\Project\tp78_v2_mini\MRSproject\LIB\libCH58xBLE.a(gap.o)
                0x000000000001cfec                gapGetIRK
 .text.gapGetSRK
                0x000000000001cff8        0xc E:\Project\tp78_v2_mini\MRSproject\LIB\libCH58xBLE.a(gap.o)
                0x000000000001cff8                gapGetSRK
 .text.gapGetSignCounter
                0x000000000001d004        0xe E:\Project\tp78_v2_mini\MRSproject\LIB\libCH58xBLE.a(gap.o)
                0x000000000001d004                gapGetSignCounter
 .text.gapIncSignCounter
                0x000000000001d012       0x28 E:\Project\tp78_v2_mini\MRSproject\LIB\libCH58xBLE.a(gap.o)
                0x000000000001d012                gapIncSignCounter
 .text.gapProcessConnEvt
                0x000000000001d03a       0x48 E:\Project\tp78_v2_mini\MRSproject\LIB\libCH58xBLE.a(gap.o)
                0x000000000001d03a                gapProcessConnEvt
 .text.gapProcessDisconnectCompleteEvt
                0x000000000001d082       0xaa E:\Project\tp78_v2_mini\MRSproject\LIB\libCH58xBLE.a(gap.o)
                0x000000000001d082                gapProcessDisconnectCompleteEvt
 .text.sendAuthEvent
                0x000000000001d12c      0x120 E:\Project\tp78_v2_mini\MRSproject\LIB\libCH58xBLE.a(gap.o)
                0x000000000001d12c                sendAuthEvent
 .text.gapSendBondCompleteEvent
                0x000000000001d24c       0x74 E:\Project\tp78_v2_mini\MRSproject\LIB\libCH58xBLE.a(gap.o)
                0x000000000001d24c                gapSendBondCompleteEvent
 .text.gapSendPairingReqEvent
                0x000000000001d2c0       0x96 E:\Project\tp78_v2_mini\MRSproject\LIB\libCH58xBLE.a(gap.o)
                0x000000000001d2c0                gapSendPairingReqEvent
 .text.gapSendSlaveSecurityReqEvent
                0x000000000001d356       0x68 E:\Project\tp78_v2_mini\MRSproject\LIB\libCH58xBLE.a(gap.o)
                0x000000000001d356                gapSendSlaveSecurityReqEvent
 .text.gapSendDeviceInitDoneEvent
                0x000000000001d3be       0x88 E:\Project\tp78_v2_mini\MRSproject\LIB\libCH58xBLE.a(gap.o)
                0x000000000001d3be                gapSendDeviceInitDoneEvent
 .text.gapSendLinkUpdateEvent
                0x000000000001d446       0xb2 E:\Project\tp78_v2_mini\MRSproject\LIB\libCH58xBLE.a(gap.o)
                0x000000000001d446                gapSendLinkUpdateEvent
 .text.gapSendPhyUpdateEvent
                0x000000000001d4f8       0x58 E:\Project\tp78_v2_mini\MRSproject\LIB\libCH58xBLE.a(gap.o)
                0x000000000001d4f8                gapSendPhyUpdateEvent
 .text.gapSendEstLinkEvent
                0x000000000001d550       0xbc E:\Project\tp78_v2_mini\MRSproject\LIB\libCH58xBLE.a(gap.o)
                0x000000000001d550                gapSendEstLinkEvent
 .text.gapProcessNewAddr
                0x000000000001d60c       0x3e E:\Project\tp78_v2_mini\MRSproject\LIB\libCH58xBLE.a(gap.o)
                0x000000000001d60c                gapProcessNewAddr
 .text.gapProcessRandomAddrComplete
                0x000000000001d64a       0xb6 E:\Project\tp78_v2_mini\MRSproject\LIB\libCH58xBLE.a(gap.o)
                0x000000000001d64a                gapProcessRandomAddrComplete
 .text.GAP_Authenticate
                0x000000000001d700       0xde E:\Project\tp78_v2_mini\MRSproject\LIB\libCH58xBLE.a(gap.o)
                0x000000000001d700                GAP_Authenticate
 .text.GAP_Bond
                0x000000000001d7de       0xaa E:\Project\tp78_v2_mini\MRSproject\LIB\libCH58xBLE.a(gap.o)
                0x000000000001d7de                GAP_Bond
 .text.GAP_GetParamValue
                0x000000000001d888       0x20 E:\Project\tp78_v2_mini\MRSproject\LIB\libCH58xBLE.a(gap.o)
                0x000000000001d888                GAP_GetParamValue
 .text.GAP_PasscodeUpdate
                0x000000000001d8a8       0x54 E:\Project\tp78_v2_mini\MRSproject\LIB\libCH58xBLE.a(gap.o)
                0x000000000001d8a8                GAP_PasscodeUpdate
 .text.GAP_RegisterForMsgs
                0x000000000001d8fc        0xa E:\Project\tp78_v2_mini\MRSproject\LIB\libCH58xBLE.a(gap.o)
                0x000000000001d8fc                GAP_RegisterForMsgs
 .text.GAP_ResolvePrivateAddr
                0x000000000001d906        0x4 E:\Project\tp78_v2_mini\MRSproject\LIB\libCH58xBLE.a(gap.o)
                0x000000000001d906                GAP_ResolvePrivateAddr
 .text.gapPairingCompleteCB
                0x000000000001d90a      0x18c E:\Project\tp78_v2_mini\MRSproject\LIB\libCH58xBLE.a(gap.o)
                0x000000000001d90a                gapPairingCompleteCB
 .text.gapPasskeyNeededCB
                0x000000000001da96       0x8e E:\Project\tp78_v2_mini\MRSproject\LIB\libCH58xBLE.a(gap.o)
                0x000000000001da96                gapPasskeyNeededCB
 .text.gapOobNeededCB
                0x000000000001db24       0xa6 E:\Project\tp78_v2_mini\MRSproject\LIB\libCH58xBLE.a(gap.o)
                0x000000000001db24                gapOobNeededCB
 .text.gapFreeEstLink
                0x000000000001dbca       0x20 E:\Project\tp78_v2_mini\MRSproject\LIB\libCH58xBLE.a(gap.o)
                0x000000000001dbca                gapFreeEstLink
 .text.gapUpdateConnSignCounter
                0x000000000001dbea       0x7a E:\Project\tp78_v2_mini\MRSproject\LIB\libCH58xBLE.a(gap.o)
                0x000000000001dbea                gapUpdateConnSignCounter
 .text.GAP_SendSlaveSecurityRequest
                0x000000000001dc64       0x4a E:\Project\tp78_v2_mini\MRSproject\LIB\libCH58xBLE.a(gap.o)
                0x000000000001dc64                GAP_SendSlaveSecurityRequest
 .text.GAP_Signable
                0x000000000001dcae       0x6a E:\Project\tp78_v2_mini\MRSproject\LIB\libCH58xBLE.a(gap.o)
                0x000000000001dcae                GAP_Signable
 .text.GAP_TerminateAuth
                0x000000000001dd18       0x2a E:\Project\tp78_v2_mini\MRSproject\LIB\libCH58xBLE.a(gap.o)
                0x000000000001dd18                GAP_TerminateAuth
 .text.GAP_NumActiveConnections
                0x000000000001dd42        0x4 E:\Project\tp78_v2_mini\MRSproject\LIB\libCH58xBLE.a(gap.o)
                0x000000000001dd42                GAP_NumActiveConnections
 .text.GAP_TerminateLinkReq
                0x000000000001dd46       0x8e E:\Project\tp78_v2_mini\MRSproject\LIB\libCH58xBLE.a(gap.o)
                0x000000000001dd46                GAP_TerminateLinkReq
 .text.GAP_SetParamValue
                0x000000000001ddd4       0x6c E:\Project\tp78_v2_mini\MRSproject\LIB\libCH58xBLE.a(gap.o)
                0x000000000001ddd4                GAP_SetParamValue
 .text.GAP_Init
                0x000000000001de40       0x48 E:\Project\tp78_v2_mini\MRSproject\LIB\libCH58xBLE.a(gap.o)
                0x000000000001de40                GAP_Init
 .text.GAP_ProcessEvent
                0x000000000001de88      0x664 E:\Project\tp78_v2_mini\MRSproject\LIB\libCH58xBLE.a(gap.o)
                0x000000000001de88                GAP_ProcessEvent
 .text.gapSendScanEnable
                0x000000000001e4ec       0x3a E:\Project\tp78_v2_mini\MRSproject\LIB\libCH58xBLE.a(gap_central.o)
 .text.gapCentProcessConnEvt
                0x000000000001e526      0x168 E:\Project\tp78_v2_mini\MRSproject\LIB\libCH58xBLE.a(gap_central.o)
                0x000000000001e526                gapCentProcessConnEvt
 .text.gapProcessScanningPeriodicAdvEvt
                0x000000000001e68e       0xa0 E:\Project\tp78_v2_mini\MRSproject\LIB\libCH58xBLE.a(gap_central.o)
                0x000000000001e68e                gapProcessScanningPeriodicAdvEvt
 .text.gapCancelLinkReq
                0x000000000001e72e       0x38 E:\Project\tp78_v2_mini\MRSproject\LIB\libCH58xBLE.a(gap_central.o)
                0x000000000001e72e                gapCancelLinkReq
 .text.gapProcessAdvertDevInfo
                0x000000000001e766      0x242 E:\Project\tp78_v2_mini\MRSproject\LIB\libCH58xBLE.a(gap_central.o)
                0x000000000001e766                gapProcessAdvertDevInfo
 .text.gapProcessExtAdvertDevInfo
                0x000000000001e9a8      0x260 E:\Project\tp78_v2_mini\MRSproject\LIB\libCH58xBLE.a(gap_central.o)
                0x000000000001e9a8                gapProcessExtAdvertDevInfo
 .text.gapProcessPeriodicAdvertisingSyncEstablishedEvt
                0x000000000001ec08       0xae E:\Project\tp78_v2_mini\MRSproject\LIB\libCH58xBLE.a(gap_central.o)
                0x000000000001ec08                gapProcessPeriodicAdvertisingSyncEstablishedEvt
 .text.gapProcessPeriodicAdvertisingSyncLostEvt
                0x000000000001ecb6       0x56 E:\Project\tp78_v2_mini\MRSproject\LIB\libCH58xBLE.a(gap_central.o)
                0x000000000001ecb6                gapProcessPeriodicAdvertisingSyncLostEvt
 .text.gapFreeScanRecs
                0x000000000001ed0c       0xa6 E:\Project\tp78_v2_mini\MRSproject\LIB\libCH58xBLE.a(gap_central.o)
                0x000000000001ed0c                gapFreeScanRecs
 .text.gapSendDevDiscEvent
                0x000000000001edb2      0x126 E:\Project\tp78_v2_mini\MRSproject\LIB\libCH58xBLE.a(gap_central.o)
                0x000000000001edb2                gapSendDevDiscEvent
 .text.gapSetScanParamStatus
                0x000000000001eed8       0x58 E:\Project\tp78_v2_mini\MRSproject\LIB\libCH58xBLE.a(gap_central.o)
 .text.gapCentProcessHCICmdEvt
                0x000000000001ef30       0x3e E:\Project\tp78_v2_mini\MRSproject\LIB\libCH58xBLE.a(gap_central.o)
                0x000000000001ef30                gapCentProcessHCICmdEvt
 .text.gapProcessScanningEvt
                0x000000000001ef6e      0x110 E:\Project\tp78_v2_mini\MRSproject\LIB\libCH58xBLE.a(gap_central.o)
                0x000000000001ef6e                gapProcessScanningEvt
 .text.gapProcessScanningDirectEvt
                0x000000000001f07e       0xfe E:\Project\tp78_v2_mini\MRSproject\LIB\libCH58xBLE.a(gap_central.o)
                0x000000000001f07e                gapProcessScanningDirectEvt
 .text.gapProcessScanningExtAdvEvt
                0x000000000001f17c      0x26a E:\Project\tp78_v2_mini\MRSproject\LIB\libCH58xBLE.a(gap_central.o)
                0x000000000001f17c                gapProcessScanningExtAdvEvt
 .text.GAP_CentConnRegister
                0x000000000001f3e6       0x1a E:\Project\tp78_v2_mini\MRSproject\LIB\libCH58xBLE.a(gap_central.o)
                0x000000000001f3e6                GAP_CentConnRegister
 .text.GAP_CentralParamInit
                0x000000000001f400       0x6e E:\Project\tp78_v2_mini\MRSproject\LIB\libCH58xBLE.a(gap_central.o)
                0x000000000001f400                GAP_CentralParamInit
 .text.GAP_CentDevMgrInit
                0x000000000001f46e       0x9c E:\Project\tp78_v2_mini\MRSproject\LIB\libCH58xBLE.a(gap_central.o)
                0x000000000001f46e                GAP_CentDevMgrInit
 .text.gapFreeAdvertState
                0x000000000001f50a       0x20 E:\Project\tp78_v2_mini\MRSproject\LIB\libCH58xBLE.a(gap_peripheral.o)
 .text.gapSetPeriodicAdvParams
                0x000000000001f52a       0x30 E:\Project\tp78_v2_mini\MRSproject\LIB\libCH58xBLE.a(gap_peripheral.o)
 .text.gapSetConnectionlessCTEParams
                0x000000000001f55a       0x54 E:\Project\tp78_v2_mini\MRSproject\LIB\libCH58xBLE.a(gap_peripheral.o)
 .text.gapSetAdvParams
                0x000000000001f5ae       0xfc E:\Project\tp78_v2_mini\MRSproject\LIB\libCH58xBLE.a(gap_peripheral.o)
 .text.gapPeriProcessConnEvt
                0x000000000001f6aa       0xd0 E:\Project\tp78_v2_mini\MRSproject\LIB\libCH58xBLE.a(gap_peripheral.o)
 .text.gapWriteAdvDataStatus
                0x000000000001f77a       0x88 E:\Project\tp78_v2_mini\MRSproject\LIB\libCH58xBLE.a(gap_peripheral.o)
 .text.GAP_MakeDiscoverable
                0x000000000001f802      0x174 E:\Project\tp78_v2_mini\MRSproject\LIB\libCH58xBLE.a(gap_peripheral.o)
                0x000000000001f802                GAP_MakeDiscoverable
 .text.GAP_EndDiscoverable
                0x000000000001f976       0x66 E:\Project\tp78_v2_mini\MRSproject\LIB\libCH58xBLE.a(gap_peripheral.o)
                0x000000000001f976                GAP_EndDiscoverable
 .text.gapProcessAdvertisingEvt
                0x000000000001f9dc      0x118 E:\Project\tp78_v2_mini\MRSproject\LIB\libCH58xBLE.a(gap_peripheral.o)
 .text.GAP_MakePeriodic
                0x000000000001faf4       0x26 E:\Project\tp78_v2_mini\MRSproject\LIB\libCH58xBLE.a(gap_peripheral.o)
                0x000000000001faf4                GAP_MakePeriodic
 .text.GAP_EndPeriodic
                0x000000000001fb1a        0xc E:\Project\tp78_v2_mini\MRSproject\LIB\libCH58xBLE.a(gap_peripheral.o)
                0x000000000001fb1a                GAP_EndPeriodic
 .text.GAP_MakeConnecttionlessCTE
                0x000000000001fb26       0x1a E:\Project\tp78_v2_mini\MRSproject\LIB\libCH58xBLE.a(gap_peripheral.o)
                0x000000000001fb26                GAP_MakeConnecttionlessCTE
 .text.GAP_EndConnecttionlessCTE
                0x000000000001fb40        0xc E:\Project\tp78_v2_mini\MRSproject\LIB\libCH58xBLE.a(gap_peripheral.o)
                0x000000000001fb40                GAP_EndConnecttionlessCTE
 .text.GAP_SetAdvertisingAdvData
                0x000000000001fb4c      0x102 E:\Project\tp78_v2_mini\MRSproject\LIB\libCH58xBLE.a(gap_peripheral.o)
                0x000000000001fb4c                GAP_SetAdvertisingAdvData
 .text.GAP_SetAdvertisingRspData
                0x000000000001fc4e      0x102 E:\Project\tp78_v2_mini\MRSproject\LIB\libCH58xBLE.a(gap_peripheral.o)
                0x000000000001fc4e                GAP_SetAdvertisingRspData
 .text.GAP_SetPeriodicAdvertisingData
                0x000000000001fd50       0xc6 E:\Project\tp78_v2_mini\MRSproject\LIB\libCH58xBLE.a(gap_peripheral.o)
                0x000000000001fd50                GAP_SetPeriodicAdvertisingData
 .text.GAP_GetAdvertisingAdvData
                0x000000000001fe16       0x26 E:\Project\tp78_v2_mini\MRSproject\LIB\libCH58xBLE.a(gap_peripheral.o)
                0x000000000001fe16                GAP_GetAdvertisingAdvData
 .text.GAP_GetAdvertisingRspData
                0x000000000001fe3c       0x34 E:\Project\tp78_v2_mini\MRSproject\LIB\libCH58xBLE.a(gap_peripheral.o)
                0x000000000001fe3c                GAP_GetAdvertisingRspData
 .text.GAP_GetPeriodicAdvertisingData
                0x000000000001fe70       0x34 E:\Project\tp78_v2_mini\MRSproject\LIB\libCH58xBLE.a(gap_peripheral.o)
                0x000000000001fe70                GAP_GetPeriodicAdvertisingData
 .text.GAP_PeriConnRegister
                0x000000000001fea4       0x2e E:\Project\tp78_v2_mini\MRSproject\LIB\libCH58xBLE.a(gap_peripheral.o)
                0x000000000001fea4                GAP_PeriConnRegister
 .text.GAP_PeripheralParamInit
                0x000000000001fed2       0x6c E:\Project\tp78_v2_mini\MRSproject\LIB\libCH58xBLE.a(gap_peripheral.o)
                0x000000000001fed2                GAP_PeripheralParamInit
 .text.gapSendMakeDiscEvent
                0x000000000001ff3e       0x50 E:\Project\tp78_v2_mini\MRSproject\LIB\libCH58xBLE.a(gap_peripheral.o)
                0x000000000001ff3e                gapSendMakeDiscEvent
 .text.gapWriteAdvEnableStatus
                0x000000000001ff8e      0x110 E:\Project\tp78_v2_mini\MRSproject\LIB\libCH58xBLE.a(gap_peripheral.o)
 .text.gapSendMakePeriodicEvent
                0x000000000002009e       0x3a E:\Project\tp78_v2_mini\MRSproject\LIB\libCH58xBLE.a(gap_peripheral.o)
                0x000000000002009e                gapSendMakePeriodicEvent
 .text.gapSendMakeConnectionlessCTEEvent
                0x00000000000200d8       0x3a E:\Project\tp78_v2_mini\MRSproject\LIB\libCH58xBLE.a(gap_peripheral.o)
                0x00000000000200d8                gapSendMakeConnectionlessCTEEvent
 .text.gapPeriProcessHCICmdCompleteEvt
                0x0000000000020112      0x1e4 E:\Project\tp78_v2_mini\MRSproject\LIB\libCH58xBLE.a(gap_peripheral.o)
 .text.GAP_PeriDevMgrInit
                0x00000000000202f6       0x2e E:\Project\tp78_v2_mini\MRSproject\LIB\libCH58xBLE.a(gap_peripheral.o)
                0x00000000000202f6                GAP_PeriDevMgrInit
 .text.ggs_SetAttrWPermit
                0x0000000000020324       0x68 E:\Project\tp78_v2_mini\MRSproject\LIB\libCH58xBLE.a(gapgattserver.o)
 .text.ggs_ReadAttrCB
                0x000000000002038c      0x156 E:\Project\tp78_v2_mini\MRSproject\LIB\libCH58xBLE.a(gapgattserver.o)
 .text.ggs_WriteAttrCB
                0x00000000000204e2      0x15c E:\Project\tp78_v2_mini\MRSproject\LIB\libCH58xBLE.a(gapgattserver.o)
 .text.GGS_ParamInit
                0x000000000002063e      0x23a E:\Project\tp78_v2_mini\MRSproject\LIB\libCH58xBLE.a(gapgattserver.o)
                0x000000000002063e                GGS_ParamInit
 .text.GGS_SetParameter
                0x0000000000020878       0xe2 E:\Project\tp78_v2_mini\MRSproject\LIB\libCH58xBLE.a(gapgattserver.o)
                0x0000000000020878                GGS_SetParameter
 .text.GGS_AddService
                0x000000000002095a       0x2c E:\Project\tp78_v2_mini\MRSproject\LIB\libCH58xBLE.a(gapgattserver.o)
                0x000000000002095a                GGS_AddService
 .text.GAP_DeviceInit
                0x0000000000020986       0xd8 E:\Project\tp78_v2_mini\MRSproject\LIB\libCH58xBLE.a(gapgattserver.o)
                0x0000000000020986                GAP_DeviceInit
 .text.gattGetPayload
                0x0000000000020a5e       0x7e E:\Project\tp78_v2_mini\MRSproject\LIB\libCH58xBLE.a(gatt.o)
                0x0000000000020a5e                gattGetPayload
 .text.gattNotifyEvent
                0x0000000000020adc       0x84 E:\Project\tp78_v2_mini\MRSproject\LIB\libCH58xBLE.a(gatt.o)
                0x0000000000020adc                gattNotifyEvent
 .text.gattSendFlowCtrlEvt
                0x0000000000020b60       0x52 E:\Project\tp78_v2_mini\MRSproject\LIB\libCH58xBLE.a(gatt.o)
                0x0000000000020b60                gattSendFlowCtrlEvt
 .text.gattStartTimer
                0x0000000000020bb2        0xc E:\Project\tp78_v2_mini\MRSproject\LIB\libCH58xBLE.a(gatt.o)
                0x0000000000020bb2                gattStartTimer
 .text.gattStopTimer
                0x0000000000020bbe       0x32 E:\Project\tp78_v2_mini\MRSproject\LIB\libCH58xBLE.a(gatt.o)
                0x0000000000020bbe                gattStopTimer
 .text.GATT_AppCompletedMsg
                0x0000000000020bf0       0x30 E:\Project\tp78_v2_mini\MRSproject\LIB\libCH58xBLE.a(gatt.o)
                0x0000000000020bf0                GATT_AppCompletedMsg
 .text.GATT_NotifyEvent
                0x0000000000020c20       0x56 E:\Project\tp78_v2_mini\MRSproject\LIB\libCH58xBLE.a(gatt.o)
                0x0000000000020c20                GATT_NotifyEvent
 .text.gattRegisterServer
                0x0000000000020c76        0x6 E:\Project\tp78_v2_mini\MRSproject\LIB\libCH58xBLE.a(gatt.o)
                0x0000000000020c76                gattRegisterServer
 .text.GATT_UpdateMTU
                0x0000000000020c7c       0x5a E:\Project\tp78_v2_mini\MRSproject\LIB\libCH58xBLE.a(gatt.o)
                0x0000000000020c7c                GATT_UpdateMTU
 .text.GATT_bm_alloc
                0x0000000000020cd6       0xe8 E:\Project\tp78_v2_mini\MRSproject\LIB\libCH58xBLE.a(gatt.o)
                0x0000000000020cd6                GATT_bm_alloc
 .text.GATT_ServiceChangedInd
                0x0000000000020dbe       0x94 E:\Project\tp78_v2_mini\MRSproject\LIB\libCH58xBLE.a(gatt.o)
                0x0000000000020dbe                GATT_ServiceChangedInd
 .text.GATT_bm_free
                0x0000000000020e52       0x1c E:\Project\tp78_v2_mini\MRSproject\LIB\libCH58xBLE.a(gatt.o)
                0x0000000000020e52                GATT_bm_free
 .text.GATT_Init
                0x0000000000020e6e       0x2a E:\Project\tp78_v2_mini\MRSproject\LIB\libCH58xBLE.a(gatt.o)
                0x0000000000020e6e                GATT_Init
 .text.GATT_ProcessEvent
                0x0000000000020e98      0x13a E:\Project\tp78_v2_mini\MRSproject\LIB\libCH58xBLE.a(gatt.o)
                0x0000000000020e98                GATT_ProcessEvent
 .text.gattProcessExchangeMTUReq
                0x0000000000020fd2        0x4 E:\Project\tp78_v2_mini\MRSproject\LIB\libCH58xBLE.a(gattservapp.o)
 .text.gattServApp_FindCharCfgItem
                0x0000000000020fd6       0x24 E:\Project\tp78_v2_mini\MRSproject\LIB\libCH58xBLE.a(gattservapp.o)
 .text.gattServerHandleTimerCB
                0x0000000000020ffa       0x3c E:\Project\tp78_v2_mini\MRSproject\LIB\libCH58xBLE.a(gattservapp.o)
 .text.GATTServApp_InitCharCfg.part.12
                0x0000000000021036       0x20 E:\Project\tp78_v2_mini\MRSproject\LIB\libCH58xBLE.a(gattservapp.o)
 .text.gattProcessExecuteWriteReq
                0x0000000000021056        0x4 E:\Project\tp78_v2_mini\MRSproject\LIB\libCH58xBLE.a(gattservapp.o)
 .text.GATTServApp_ParamInit
                0x000000000002105a       0xd6 E:\Project\tp78_v2_mini\MRSproject\LIB\libCH58xBLE.a(gattservapp.o)
                0x000000000002105a                GATTServApp_ParamInit
 .text.GATTServApp_ReadCharCfg
                0x0000000000021130       0x18 E:\Project\tp78_v2_mini\MRSproject\LIB\libCH58xBLE.a(gattservapp.o)
                0x0000000000021130                GATTServApp_ReadCharCfg
 .text.GATTServApp_WriteCharCfg
                0x0000000000021148       0x3c E:\Project\tp78_v2_mini\MRSproject\LIB\libCH58xBLE.a(gattservapp.o)
                0x0000000000021148                GATTServApp_WriteCharCfg
 .text.GATTServApp_ProcessCCCWriteReq
                0x0000000000021184       0x60 E:\Project\tp78_v2_mini\MRSproject\LIB\libCH58xBLE.a(gattservapp.o)
                0x0000000000021184                GATTServApp_ProcessCCCWriteReq
 .text.gattServApp_WriteAttrCB
                0x00000000000211e4       0x34 E:\Project\tp78_v2_mini\MRSproject\LIB\libCH58xBLE.a(gattservapp.o)
                0x00000000000211e4                gattServApp_WriteAttrCB
 .text.GATTServApp_SendCCCUpdatedEvent
                0x0000000000021218       0x5e E:\Project\tp78_v2_mini\MRSproject\LIB\libCH58xBLE.a(gattservapp.o)
                0x0000000000021218                GATTServApp_SendCCCUpdatedEvent
 .text.GATTServApp_SendServiceChangedInd
                0x0000000000021276       0x36 E:\Project\tp78_v2_mini\MRSproject\LIB\libCH58xBLE.a(gattservapp.o)
                0x0000000000021276                GATTServApp_SendServiceChangedInd
 .text.gattServApp_ClearPrepareWriteQ
                0x00000000000212ac       0x50 E:\Project\tp78_v2_mini\MRSproject\LIB\libCH58xBLE.a(gattservapp.o)
                0x00000000000212ac                gattServApp_ClearPrepareWriteQ
 .text.gattServApp_FindPrepareWriteQ
                0x00000000000212fc       0x30 E:\Project\tp78_v2_mini\MRSproject\LIB\libCH58xBLE.a(gattservapp.o)
                0x00000000000212fc                gattServApp_FindPrepareWriteQ
 .text.gattServApp_FindServiceCBs
                0x000000000002132c       0x18 E:\Project\tp78_v2_mini\MRSproject\LIB\libCH58xBLE.a(gattservapp.o)
                0x000000000002132c                gattServApp_FindServiceCBs
 .text.gattServApp_FindAuthorizeAttrCB
                0x0000000000021344       0x16 E:\Project\tp78_v2_mini\MRSproject\LIB\libCH58xBLE.a(gattservapp.o)
                0x0000000000021344                gattServApp_FindAuthorizeAttrCB
 .text.gattServApp_IsWriteLong
                0x000000000002135a       0xea E:\Project\tp78_v2_mini\MRSproject\LIB\libCH58xBLE.a(gattservapp.o)
                0x000000000002135a                gattServApp_IsWriteLong
 .text.gattFindService
                0x0000000000021444       0x1c E:\Project\tp78_v2_mini\MRSproject\LIB\libCH58xBLE.a(gattservapp.o)
                0x0000000000021444                gattFindService
 .text.GATT_ServiceNumAttrs
                0x0000000000021460       0x18 E:\Project\tp78_v2_mini\MRSproject\LIB\libCH58xBLE.a(gattservapp.o)
                0x0000000000021460                GATT_ServiceNumAttrs
 .text.GATT_ServiceEncKeySize
                0x0000000000021478       0x18 E:\Project\tp78_v2_mini\MRSproject\LIB\libCH58xBLE.a(gattservapp.o)
                0x0000000000021478                GATT_ServiceEncKeySize
 .text.GATT_VerifyWritePermissions.part.7
                0x0000000000021490       0x2e E:\Project\tp78_v2_mini\MRSproject\LIB\libCH58xBLE.a(gattservapp.o)
 .text.gattResetServerInfo
                0x00000000000214be       0x1c E:\Project\tp78_v2_mini\MRSproject\LIB\libCH58xBLE.a(gattservapp.o)
                0x00000000000214be                gattResetServerInfo
 .text.gattFindServerInfo
                0x00000000000214da       0x2c E:\Project\tp78_v2_mini\MRSproject\LIB\libCH58xBLE.a(gattservapp.o)
                0x00000000000214da                gattFindServerInfo
 .text.gattServerHandleConnStatusCB
                0x0000000000021506       0x98 E:\Project\tp78_v2_mini\MRSproject\LIB\libCH58xBLE.a(gattservapp.o)
                0x0000000000021506                gattServerHandleConnStatusCB
 .text.gattServerProcessMsgCB
                0x000000000002159e      0x1c0 E:\Project\tp78_v2_mini\MRSproject\LIB\libCH58xBLE.a(gattservapp.o)
                0x000000000002159e                gattServerProcessMsgCB
 .text.gattServerNotifyTxCB
                0x000000000002175e       0x28 E:\Project\tp78_v2_mini\MRSproject\LIB\libCH58xBLE.a(gattservapp.o)
 .text.GATT_FindHandle
                0x0000000000021786       0x4a E:\Project\tp78_v2_mini\MRSproject\LIB\libCH58xBLE.a(gattservapp.o)
                0x0000000000021786                GATT_FindHandle
 .text.GATTServApp_WriteAttr
                0x00000000000217d0       0xa8 E:\Project\tp78_v2_mini\MRSproject\LIB\libCH58xBLE.a(gattservapp.o)
                0x00000000000217d0                GATTServApp_WriteAttr
 .text.gattServApp_ProcessExecuteWriteReq
                0x0000000000021878      0x100 E:\Project\tp78_v2_mini\MRSproject\LIB\libCH58xBLE.a(gattservapp.o)
                0x0000000000021878                gattServApp_ProcessExecuteWriteReq
 .text.GATTServApp_UpdateCharCfg
                0x0000000000021978       0x1e E:\Project\tp78_v2_mini\MRSproject\LIB\libCH58xBLE.a(gattservapp.o)
                0x0000000000021978                GATTServApp_UpdateCharCfg
 .text.gattServApp_ProcessPrepareWriteReq
                0x0000000000021996      0x10e E:\Project\tp78_v2_mini\MRSproject\LIB\libCH58xBLE.a(gattservapp.o)
                0x0000000000021996                gattServApp_ProcessPrepareWriteReq
 .text.gattServApp_ProcessWriteReq
                0x0000000000021aa4       0xb0 E:\Project\tp78_v2_mini\MRSproject\LIB\libCH58xBLE.a(gattservapp.o)
                0x0000000000021aa4                gattServApp_ProcessWriteReq
 .text.GATT_Indication
                0x0000000000021b54       0xa4 E:\Project\tp78_v2_mini\MRSproject\LIB\libCH58xBLE.a(gattservapp.o)
                0x0000000000021b54                GATT_Indication
 .text.GATT_FindHandleUUID
                0x0000000000021bf8       0x94 E:\Project\tp78_v2_mini\MRSproject\LIB\libCH58xBLE.a(gattservapp.o)
                0x0000000000021bf8                GATT_FindHandleUUID
 .text.gattProcessReadByGrpTypeReq
                0x0000000000021c8c       0x60 E:\Project\tp78_v2_mini\MRSproject\LIB\libCH58xBLE.a(gattservapp.o)
 .text.gattProcessReadByTypeReq
                0x0000000000021cec       0x34 E:\Project\tp78_v2_mini\MRSproject\LIB\libCH58xBLE.a(gattservapp.o)
 .text.gattProcessFindByTypeValueReq
                0x0000000000021d20       0x34 E:\Project\tp78_v2_mini\MRSproject\LIB\libCH58xBLE.a(gattservapp.o)
 .text.gattProcessFindInfoReq
                0x0000000000021d54      0x1aa E:\Project\tp78_v2_mini\MRSproject\LIB\libCH58xBLE.a(gattservapp.o)
 .text.GATT_Notification
                0x0000000000021efe       0x70 E:\Project\tp78_v2_mini\MRSproject\LIB\libCH58xBLE.a(gattservapp.o)
                0x0000000000021efe                GATT_Notification
 .text.GATT_VerifyWritePermissions
                0x0000000000021f6e       0x6a E:\Project\tp78_v2_mini\MRSproject\LIB\libCH58xBLE.a(gattservapp.o)
                0x0000000000021f6e                GATT_VerifyWritePermissions
 .text.gattProcessWriteReq
                0x0000000000021fd8       0x36 E:\Project\tp78_v2_mini\MRSproject\LIB\libCH58xBLE.a(gattservapp.o)
 .text.GATT_VerifyPrepareWritePermissions
                0x000000000002200e       0x56 E:\Project\tp78_v2_mini\MRSproject\LIB\libCH58xBLE.a(gattservapp.o)
                0x000000000002200e                GATT_VerifyPrepareWritePermissions
 .text.gattProcessPrepareWriteReq
                0x0000000000022064       0x36 E:\Project\tp78_v2_mini\MRSproject\LIB\libCH58xBLE.a(gattservapp.o)
 .text.GATT_FindNextAttr
                0x000000000002209a       0xc2 E:\Project\tp78_v2_mini\MRSproject\LIB\libCH58xBLE.a(gattservapp.o)
                0x000000000002209a                GATT_FindNextAttr
 .text.GATTServApp_ReadAttr
                0x000000000002215c      0x2ea E:\Project\tp78_v2_mini\MRSproject\LIB\libCH58xBLE.a(gattservapp.o)
                0x000000000002215c                GATTServApp_ReadAttr
 .text.gattServApp_ProcessReadMultiReq
                0x0000000000022446      0x16e E:\Project\tp78_v2_mini\MRSproject\LIB\libCH58xBLE.a(gattservapp.o)
                0x0000000000022446                gattServApp_ProcessReadMultiReq
 .text.gattServApp_ProcessFindByTypeValueReq
                0x00000000000225b4      0x1a0 E:\Project\tp78_v2_mini\MRSproject\LIB\libCH58xBLE.a(gattservapp.o)
                0x00000000000225b4                gattServApp_ProcessFindByTypeValueReq
 .text.GATT_VerifyReadPermissions
                0x0000000000022754       0x68 E:\Project\tp78_v2_mini\MRSproject\LIB\libCH58xBLE.a(gattservapp.o)
                0x0000000000022754                GATT_VerifyReadPermissions
 .text.gattProcessReadMultiReq
                0x00000000000227bc       0xae E:\Project\tp78_v2_mini\MRSproject\LIB\libCH58xBLE.a(gattservapp.o)
 .text.gattProcessReadReq
                0x000000000002286a       0x30 E:\Project\tp78_v2_mini\MRSproject\LIB\libCH58xBLE.a(gattservapp.o)
 .text.gattServApp_ProcessReadByGrpTypeReq
                0x000000000002289a      0x21c E:\Project\tp78_v2_mini\MRSproject\LIB\libCH58xBLE.a(gattservapp.o)
                0x000000000002289a                gattServApp_ProcessReadByGrpTypeReq
 .text.gattServApp_ProcessReadByTypeReq
                0x0000000000022ab6      0x1ae E:\Project\tp78_v2_mini\MRSproject\LIB\libCH58xBLE.a(gattservapp.o)
                0x0000000000022ab6                gattServApp_ProcessReadByTypeReq
 .text.GATT_RegisterService
                0x0000000000022c64      0x100 E:\Project\tp78_v2_mini\MRSproject\LIB\libCH58xBLE.a(gattservapp.o)
                0x0000000000022c64                GATT_RegisterService
 .text.GATTServApp_RegisterService
                0x0000000000022d64       0x7c E:\Project\tp78_v2_mini\MRSproject\LIB\libCH58xBLE.a(gattservapp.o)
                0x0000000000022d64                GATTServApp_RegisterService
 .text.GATTServApp_AddService
                0x0000000000022de0       0x2c E:\Project\tp78_v2_mini\MRSproject\LIB\libCH58xBLE.a(gattservapp.o)
                0x0000000000022de0                GATTServApp_AddService
 .text.GATTServApp_RegisterForMsg
                0x0000000000022e0c        0x6 E:\Project\tp78_v2_mini\MRSproject\LIB\libCH58xBLE.a(gattservapp.o)
                0x0000000000022e0c                GATTServApp_RegisterForMsg
 .text.GATTServApp_InitCharCfg
                0x0000000000022e12       0x28 E:\Project\tp78_v2_mini\MRSproject\LIB\libCH58xBLE.a(gattservapp.o)
                0x0000000000022e12                GATTServApp_InitCharCfg
 .text.gattServApp_HandleConnStatusCB
                0x0000000000022e3a       0x74 E:\Project\tp78_v2_mini\MRSproject\LIB\libCH58xBLE.a(gattservapp.o)
                0x0000000000022e3a                gattServApp_HandleConnStatusCB
 .text.GATT_InitServer
                0x0000000000022eae       0xfa E:\Project\tp78_v2_mini\MRSproject\LIB\libCH58xBLE.a(gattservapp.o)
                0x0000000000022eae                GATT_InitServer
 .text.GATTServApp_Init
                0x0000000000022fa8       0x34 E:\Project\tp78_v2_mini\MRSproject\LIB\libCH58xBLE.a(gattservapp.o)
                0x0000000000022fa8                GATTServApp_Init
 .text.GATTServApp_ProcessEvent
                0x0000000000022fdc      0x36a E:\Project\tp78_v2_mini\MRSproject\LIB\libCH58xBLE.a(gattservapp.o)
                0x0000000000022fdc                GATTServApp_ProcessEvent
 .text.l2capAllocConnChannel
                0x0000000000023346       0xe0 E:\Project\tp78_v2_mini\MRSproject\LIB\libCH58xBLE.a(l2cap.o)
                0x0000000000023346                l2capAllocConnChannel
 .text.l2capFindLocalCID
                0x0000000000023426       0x2c E:\Project\tp78_v2_mini\MRSproject\LIB\libCH58xBLE.a(l2cap.o)
                0x0000000000023426                l2capFindLocalCID
 .text.l2capFindLocalId
                0x0000000000023452       0x30 E:\Project\tp78_v2_mini\MRSproject\LIB\libCH58xBLE.a(l2cap.o)
                0x0000000000023452                l2capFindLocalId
 .text.l2capFindPsm
                0x0000000000023482       0x30 E:\Project\tp78_v2_mini\MRSproject\LIB\libCH58xBLE.a(l2cap.o)
                0x0000000000023482                l2capFindPsm
 .text.l2capFindRemoteCID
                0x00000000000234b2       0x3c E:\Project\tp78_v2_mini\MRSproject\LIB\libCH58xBLE.a(l2cap.o)
                0x00000000000234b2                l2capFindRemoteCID
 .text.l2capFreeChannel
                0x00000000000234ee       0x4e E:\Project\tp78_v2_mini\MRSproject\LIB\libCH58xBLE.a(l2cap.o)
                0x00000000000234ee                l2capFreeChannel
 .text.l2capDisconnectChannel
                0x000000000002353c       0x28 E:\Project\tp78_v2_mini\MRSproject\LIB\libCH58xBLE.a(l2cap.o)
                0x000000000002353c                l2capDisconnectChannel
 .text.l2capHandleTimerCB
                0x0000000000023564       0x2c E:\Project\tp78_v2_mini\MRSproject\LIB\libCH58xBLE.a(l2cap.o)
                0x0000000000023564                l2capHandleTimerCB
 .text.l2capFreePendingPkt
                0x0000000000023590       0x58 E:\Project\tp78_v2_mini\MRSproject\LIB\libCH58xBLE.a(l2cap.o)
                0x0000000000023590                l2capFreePendingPkt
 .text.l2capGetCoChannelInfo
                0x00000000000235e8       0x86 E:\Project\tp78_v2_mini\MRSproject\LIB\libCH58xBLE.a(l2cap.o)
                0x00000000000235e8                l2capGetCoChannelInfo
 .text.l2capNumActiveChannnels
                0x000000000002366e       0x48 E:\Project\tp78_v2_mini\MRSproject\LIB\libCH58xBLE.a(l2cap.o)
                0x000000000002366e                l2capNumActiveChannnels
 .text.l2capStartTimer
                0x00000000000236b6       0x1a E:\Project\tp78_v2_mini\MRSproject\LIB\libCH58xBLE.a(l2cap.o)
                0x00000000000236b6                l2capStartTimer
 .text.l2capStopTimer
                0x00000000000236d0       0x1e E:\Project\tp78_v2_mini\MRSproject\LIB\libCH58xBLE.a(l2cap.o)
                0x00000000000236d0                l2capStopTimer
 .text.l2capDisconnectAllChannels
                0x00000000000236ee       0xdc E:\Project\tp78_v2_mini\MRSproject\LIB\libCH58xBLE.a(l2cap.o)
                0x00000000000236ee                l2capDisconnectAllChannels
 .text.l2capHandleConnStatusCB
                0x00000000000237ca       0x3c E:\Project\tp78_v2_mini\MRSproject\LIB\libCH58xBLE.a(l2cap.o)
                0x00000000000237ca                l2capHandleConnStatusCB
 .text.l2capHandleRxError
                0x0000000000023806        0x6 E:\Project\tp78_v2_mini\MRSproject\LIB\libCH58xBLE.a(l2cap.o)
                0x0000000000023806                l2capHandleRxError
 .text.L2CAP_GetMTU
                0x000000000002380c        0x6 E:\Project\tp78_v2_mini\MRSproject\LIB\libCH58xBLE.a(l2cap.o)
                0x000000000002380c                L2CAP_GetMTU
 .text.L2CAP_HostNumCompletedPkts
                0x0000000000023812       0x28 E:\Project\tp78_v2_mini\MRSproject\LIB\libCH58xBLE.a(l2cap.o)
                0x0000000000023812                L2CAP_HostNumCompletedPkts
 .text.L2CAP_ParseConnectReq
                0x000000000002383a       0x5e E:\Project\tp78_v2_mini\MRSproject\LIB\libCH58xBLE.a(l2cap.o)
                0x000000000002383a                L2CAP_ParseConnectReq
 .text.L2CAP_ParseFlowCtrlCredit
                0x0000000000023898       0x2e E:\Project\tp78_v2_mini\MRSproject\LIB\libCH58xBLE.a(l2cap.o)
                0x0000000000023898                L2CAP_ParseFlowCtrlCredit
 .text.L2CAP_RegisterApp
                0x00000000000238c6       0x30 E:\Project\tp78_v2_mini\MRSproject\LIB\libCH58xBLE.a(l2cap.o)
                0x00000000000238c6                L2CAP_RegisterApp
 .text.L2CAP_SetBufSize
                0x00000000000238f6       0x1e E:\Project\tp78_v2_mini\MRSproject\LIB\libCH58xBLE.a(l2cap.o)
                0x00000000000238f6                L2CAP_SetBufSize
 .text.L2CAP_bm_alloc
                0x0000000000023914       0x2a E:\Project\tp78_v2_mini\MRSproject\LIB\libCH58xBLE.a(l2cap.o)
                0x0000000000023914                L2CAP_bm_alloc
 .text.L2CAP_Init
                0x000000000002393e      0x118 E:\Project\tp78_v2_mini\MRSproject\LIB\libCH58xBLE.a(l2cap.o)
                0x000000000002393e                L2CAP_Init
 .text.L2CAP_ProcessEvent
                0x0000000000023a56       0xd4 E:\Project\tp78_v2_mini\MRSproject\LIB\libCH58xBLE.a(l2cap.o)
                0x0000000000023a56                L2CAP_ProcessEvent
 .text.l2capParseCmdReject
                0x0000000000023b2a       0x5e E:\Project\tp78_v2_mini\MRSproject\LIB\libCH58xBLE.a(l2cap_input.o)
                0x0000000000023b2a                l2capParseCmdReject
 .text.l2capParseDisconnectReq
                0x0000000000023b88       0x2e E:\Project\tp78_v2_mini\MRSproject\LIB\libCH58xBLE.a(l2cap_input.o)
                0x0000000000023b88                l2capParseDisconnectReq
 .text.l2capParseDisconnectRsp